Archive member included to satisfy reference by file (symbol)

app/libapp.a(main.c.obj)      (--whole-archive)
zephyr/libzephyr.a(validate_libc.c.obj)
                              (--whole-archive)
zephyr/libzephyr.a(heap.c.obj)
                              (--whole-archive)
zephyr/libzephyr.a(boot_banner.c.obj)
                              (--whole-archive)
zephyr/libzephyr.a(cbprintf_packaged.c.obj)
                              (--whole-archive)
zephyr/libzephyr.a(clock.c.obj)
                              (--whole-archive)
zephyr/libzephyr.a(printk.c.obj)
                              (--whole-archive)
zephyr/libzephyr.a(cbprintf_complete.c.obj)
                              (--whole-archive)
zephyr/libzephyr.a(assert.c.obj)
                              (--whole-archive)
zephyr/libzephyr.a(dec.c.obj)
                              (--whole-archive)
zephyr/libzephyr.a(hex.c.obj)
                              (--whole-archive)
zephyr/libzephyr.a(rb.c.obj)  (--whole-archive)
zephyr/libzephyr.a(set.c.obj)
                              (--whole-archive)
zephyr/libzephyr.a(timeutil.c.obj)
                              (--whole-archive)
zephyr/libzephyr.a(bitarray.c.obj)
                              (--whole-archive)
zephyr/libzephyr.a(bitmask.c.obj)
                              (--whole-archive)
zephyr/libzephyr.a(getopt.c.obj)
                              (--whole-archive)
zephyr/libzephyr.a(getopt_common.c.obj)
                              (--whole-archive)
zephyr/libzephyr.a(onoff.c.obj)
                              (--whole-archive)
zephyr/libzephyr.a(notify.c.obj)
                              (--whole-archive)
zephyr/libzephyr.a(ring_buffer.c.obj)
                              (--whole-archive)
zephyr/libzephyr.a(last_section_id.c.obj)
                              (--whole-archive)
zephyr/libzephyr.a(configs.c.obj)
                              (--whole-archive)
zephyr/libzephyr.a(mem_attr.c.obj)
                              (--whole-archive)
zephyr/libzephyr.a(tracing_none.c.obj)
                              (--whole-archive)
zephyr/libzephyr.a(sem.c.obj)
                              (--whole-archive)
zephyr/libzephyr.a(thread_entry.c.obj)
                              (--whole-archive)
zephyr/arch/common/libarch__common.a(sw_isr_common.c.obj)
                              (--whole-archive)
zephyr/arch/common/libarch__common.a(init.c.obj)
                              (--whole-archive)
zephyr/arch/common/libarch__common.a(xip.c.obj)
                              (--whole-archive)
zephyr/arch/arch/arm/core/libarch__arm__core.a(fatal.c.obj)
                              (--whole-archive)
zephyr/arch/arch/arm/core/libarch__arm__core.a(nmi.c.obj)
                              (--whole-archive)
zephyr/arch/arch/arm/core/libarch__arm__core.a(nmi_on_reset.S.obj)
                              (--whole-archive)
zephyr/arch/arch/arm/core/libarch__arm__core.a(tls.c.obj)
                              (--whole-archive)
zephyr/arch/arch/arm/core/cortex_m/libarch__arm__core__cortex_m.a(fault.c.obj)
                              (--whole-archive)
zephyr/arch/arch/arm/core/cortex_m/libarch__arm__core__cortex_m.a(fault_s.S.obj)
                              (--whole-archive)
zephyr/arch/arch/arm/core/cortex_m/libarch__arm__core__cortex_m.a(fpu.c.obj)
                              (--whole-archive)
zephyr/arch/arch/arm/core/cortex_m/libarch__arm__core__cortex_m.a(reset.S.obj)
                              (--whole-archive)
zephyr/arch/arch/arm/core/cortex_m/libarch__arm__core__cortex_m.a(scb.c.obj)
                              (--whole-archive)
zephyr/arch/arch/arm/core/cortex_m/libarch__arm__core__cortex_m.a(vector_table.S.obj)
                              (--whole-archive)
zephyr/arch/arch/arm/core/cortex_m/libarch__arm__core__cortex_m.a(svc.S.obj)
                              (--whole-archive)
zephyr/arch/arch/arm/core/cortex_m/libarch__arm__core__cortex_m.a(irq_manage.c.obj)
                              (--whole-archive)
zephyr/arch/arch/arm/core/cortex_m/libarch__arm__core__cortex_m.a(prep_c.c.obj)
                              (--whole-archive)
zephyr/arch/arch/arm/core/cortex_m/libarch__arm__core__cortex_m.a(thread.c.obj)
                              (--whole-archive)
zephyr/arch/arch/arm/core/cortex_m/libarch__arm__core__cortex_m.a(cpu_idle.c.obj)
                              (--whole-archive)
zephyr/arch/arch/arm/core/cortex_m/libarch__arm__core__cortex_m.a(exc_exit.c.obj)
                              (--whole-archive)
zephyr/arch/arch/arm/core/cortex_m/libarch__arm__core__cortex_m.a(thread_abort.c.obj)
                              (--whole-archive)
zephyr/arch/arch/arm/core/cortex_m/libarch__arm__core__cortex_m.a(swap_helper.S.obj)
                              (--whole-archive)
zephyr/arch/arch/arm/core/cortex_m/libarch__arm__core__cortex_m.a(irq_init.c.obj)
                              (--whole-archive)
zephyr/arch/arch/arm/core/cortex_m/libarch__arm__core__cortex_m.a(isr_wrapper.c.obj)
[...]
Memory Configuration

Name             Origin             Length             Attributes
FLASH            0x00000000         0x00100000         xr
RAM              0x20000000         0x00040000         xw
IDT_LIST         0xffff7fff         0x00008000         xw
*default*        0x00000000         0xffffffff

Linker script and memory map

                0x00003884                        vfprintf = __l_vfprintf
                0x00000000                        vfscanf = __l_vfscanf
LOAD zephyr/CMakeFiles/zephyr_pre0.dir/misc/empty_file.c.obj
LOAD zephyr/CMakeFiles/offsets.dir/./arch/arm/core/offsets/offsets.c.obj
LOAD app/libapp.a
LOAD zephyr/libzephyr.a
LOAD zephyr/arch/common/libarch__common.a
LOAD zephyr/arch/arch/arm/core/libarch__arm__core.a
LOAD zephyr/arch/arch/arm/core/cortex_m/libarch__arm__core__cortex_m.a
LOAD zephyr/arch/arch/arm/core/mpu/libarch__arm__core__mpu.a
LOAD zephyr/lib/libc/picolibc/liblib__libc__picolibc.a
LOAD zephyr/lib/libc/common/liblib__libc__common.a
LOAD zephyr/soc/soc/nrf52840/libsoc__nordic.a
LOAD zephyr/subsys/portability/posix/c_lib_ext/libsubsys__portability__posix__c_lib_ext.a
LOAD zephyr/drivers/clock_control/libdrivers__clock_control.a
LOAD zephyr/drivers/console/libdrivers__console.a
LOAD zephyr/drivers/gpio/libdrivers__gpio.a
LOAD zephyr/drivers/pinctrl/libdrivers__pinctrl.a
LOAD zephyr/drivers/sensor/nordic/temp/libdrivers__sensor__nordic__temp.a
LOAD zephyr/drivers/serial/libdrivers__serial.a
LOAD zephyr/drivers/timer/libdrivers__timer.a
LOAD modules/example-application/drivers/blink/lib..__example-application__drivers__blink.a
LOAD modules/example-application/drivers/sensor/example_sensor/lib..__example-application__drivers__sensor__example_sensor.a
LOAD modules/hal_nordic/nrfx/libnrfx.a
LOAD zephyr/kernel/libkernel.a
LOAD zephyr/arch/common/libisr_tables.a
LOAD /home/rodrigo/zephyr-sdk-1.0.1/gnu/arm-zephyr-eabi/bin/../lib/gcc/arm-zephyr-eabi/14.3.0/../../../../arm-zephyr-eabi/lib/thumb/v7e-m/nofp/space/libc.a
LOAD /home/rodrigo/zephyr-sdk-1.0.1/gnu/arm-zephyr-eabi/bin/../lib/gcc/arm-zephyr-eabi/14.3.0/thumb/v7e-m/nofp/space/libgcc.a
                0x00000020                        _region_min_align = 0x20

.rel.plt        0x00000000        0x0
 *(SORT_BY_ALIGNMENT(.rel.plt))
                [!provide]                        PROVIDE (__rel_iplt_start = .)
 *(SORT_BY_ALIGNMENT(.rel.iplt))
 .rel.iplt      0x00000000        0x0 app/libapp.a(main.c.obj)
                [!provide]                        PROVIDE (__rel_iplt_end = .)

.rela.plt       0x00000000        0x0
 *(SORT_BY_ALIGNMENT(.rela.plt))
                [!provide]                        PROVIDE (__rela_iplt_start = .)
 *(SORT_BY_ALIGNMENT(.rela.iplt))
                [!provide]                        PROVIDE (__rela_iplt_end = .)

.rel.dyn
 *(SORT_BY_ALIGNMENT(.rel.*))

.rela.dyn
 *(SORT_BY_ALIGNMENT(.rela.*))

/DISCARD/
 *(SORT_BY_ALIGNMENT(.plt))

/DISCARD/
 *(SORT_BY_ALIGNMENT(.iplt))
                0x00000000                        __rom_region_start = 0x0

rom_start       0x00000000      0x100
                0x00000000                        __rom_start_address = .
 FILL mask 0x00
                0x00000000                        . = (. + (0x0 - (. - __rom_start_address)))
                0x00000000                        . = ALIGN (0x4)
                0x00000000                        . = ALIGN (0x80)
                0x00000000                        . = ALIGN (0x100)
                0x00000000                        _vector_start = .
 *(SORT_BY_ALIGNMENT(.exc_vector_table))
 *(SORT_BY_ALIGNMENT(.exc_vector_table.*))
 .exc_vector_table._vector_table_section
                0x00000000       0x40 zephyr/arch/arch/arm/core/cortex_m/libarch__arm__core__cortex_m.a(vector_table.S.obj)
                0x00000000                _vector_table
 *(SORT_BY_ALIGNMENT(.vectors))
                0x00000100                        _vector_end = .
                0x00000040                        . = ALIGN (0x4)
 *(SORT_BY_ALIGNMENT(.gnu.linkonce.irq_vector_table*))
 .gnu.linkonce.irq_vector_table
                0x00000040       0xc0 zephyr/arch/common/libisr_tables.a(isr_tables.c.obj)
                0x00000040                _irq_vector_table
                0x00000100                        _vector_end = .

text            0x00000100     0x4e90
                0x00000100                        __text_region_start = .
 *(SORT_BY_ALIGNMENT(.text))
 .text          0x00000100       0x30 /home/rodrigo/zephyr-sdk-1.0.1/gnu/arm-zephyr-eabi/bin/../lib/gcc/arm-zephyr-eabi/14.3.0/thumb/v7e-m/nofp/space/libgcc.a(_aeabi_uldivmod.o)
                0x00000100                __aeabi_uldivmod
 .text          0x00000130        0x4 /home/rodrigo/zephyr-sdk-1.0.1/gnu/arm-zephyr-eabi/bin/../lib/gcc/arm-zephyr-eabi/14.3.0/thumb/v7e-m/nofp/space/libgcc.a(_dvmd_tls.o)
                0x00000130                __aeabi_ldiv0
                0x00000130                __aeabi_idiv0
 .text          0x00000134      0x2bc /home/rodrigo/zephyr-sdk-1.0.1/gnu/arm-zephyr-eabi/bin/../lib/gcc/arm-zephyr-eabi/14.3.0/thumb/v7e-m/nofp/space/libgcc.a(_udivmoddi4.o)
                0x00000134                __udivmoddi4
 *(SORT_BY_ALIGNMENT(.text.*))
 .text.main     0x000003f0       0xb4 app/libapp.a(main.c.obj)
                0x000003f0                main
 .text.boot_banner
                0x000004a4       0x10 zephyr/libzephyr.a(boot_banner.c.obj)
 .text.char_out
                0x000004b4        0xc zephyr/libzephyr.a(printk.c.obj)
 .text.__printk_hook_install
                0x000004c0        0xc zephyr/libzephyr.a(printk.c.obj)
                0x000004c0                __printk_hook_install
 .text.vprintk  0x000004cc       0x30 zephyr/libzephyr.a(printk.c.obj)
                0x000004cc                vprintk
 .text.process_event
                0x000004fc      0x1e8 zephyr/libzephyr.a(onoff.c.obj)
 .text.mem_attr_get_regions
                0x000006e4        0xc zephyr/libzephyr.a(mem_attr.c.obj)
                0x000006e4                mem_attr_get_regions
 .text.z_thread_entry
                0x000006f0       0x34 zephyr/libzephyr.a(thread_entry.c.obj)
                0x000006f0                z_thread_entry
 .text.arch_bss_zero
                0x00000724       0x18 zephyr/arch/common/libarch__common.a(init.c.obj)
                0x00000724                arch_bss_zero
 .text.arch_data_copy
                0x0000073c       0x38 zephyr/arch/common/libarch__common.a(xip.c.obj)
                0x0000073c                arch_data_copy
 .text.z_arm_fatal_error
                0x00000774       0x60 zephyr/arch/arch/arm/core/libarch__arm__core.a(fatal.c.obj)
                0x00000774                z_arm_fatal_error
 .text.z_SysNmiOnReset
                0x000007d4        0x8 zephyr/arch/arch/arm/core/libarch__arm__core.a(nmi_on_reset.S.obj)
                0x000007d4                z_SysNmiOnReset
 .text.arch_tls_stack_setup
                0x000007dc       0x40 zephyr/arch/arch/arm/core/libarch__arm__core.a(tls.c.obj)
                0x000007dc                arch_tls_stack_setup
 .text.mem_manage_fault
                0x0000081c       0xf0 zephyr/arch/arch/arm/core/cortex_m/libarch__arm__core__cortex_m.a(fault.c.obj)
 .text.usage_fault.isra.0
                0x0000090c       0x98 zephyr/arch/arch/arm/core/cortex_m/libarch__arm__core__cortex_m.a(fault.c.obj)
 .text.bus_fault.isra.0
                0x000009a4       0xb8 zephyr/arch/arch/arm/core/cortex_m/libarch__arm__core__cortex_m.a(fault.c.obj)
 .text.z_arm_fault
                0x00000a5c      0x1a8 zephyr/arch/arch/arm/core/cortex_m/libarch__arm__core__cortex_m.a(fault.c.obj)
                0x00000a5c                z_arm_fault
 .text.z_arm_fault_init
                0x00000c04       0x18 zephyr/arch/arch/arm/core/cortex_m/libarch__arm__core__cortex_m.a(fault.c.obj)
                0x00000c04                z_arm_fault_init
 .text.__fault  0x00000c1c       0x14 zephyr/arch/arch/arm/core/cortex_m/libarch__arm__core__cortex_m.a(fault_s.S.obj)
                0x00000c1c                z_arm_bus_fault
                0x00000c1c                z_arm_usage_fault
                0x00000c1c                z_arm_mpu_fault
                0x00000c1c                z_arm_exc_spurious
                0x00000c1c                z_arm_debug_monitor
                0x00000c1c                z_arm_hard_fault
 .text._reset_section
                0x00000c30       0x38 zephyr/arch/arch/arm/core/cortex_m/libarch__arm__core__cortex_m.a(reset.S.obj)
                0x00000c30                z_arm_reset
                0x00000c30                __start
 .text.z_arm_svc
                0x00000c68       0x24 zephyr/arch/arch/arm/core/cortex_m/libarch__arm__core__cortex_m.a(svc.S.obj)
                0x00000c68                z_arm_svc
 .text.arm_irq_enable
                0x00000c8c       0x1c zephyr/arch/arch/arm/core/cortex_m/libarch__arm__core__cortex_m.a(irq_manage.c.obj)
                0x00000c8c                arm_irq_enable
 .text.arm_irq_is_enabled
                0x00000ca8       0x1c zephyr/arch/arch/arm/core/cortex_m/libarch__arm__core__cortex_m.a(irq_manage.c.obj)
                0x00000ca8                arm_irq_is_enabled
 .text.arm_irq_priority_set
                0x00000cc4       0x30 zephyr/arch/arch/arm/core/cortex_m/libarch__arm__core__cortex_m.a(irq_manage.c.obj)
                0x00000cc4                arm_irq_priority_set
 .text.relocate_vector_table
                0x00000cf4       0x1c zephyr/arch/arch/arm/core/cortex_m/libarch__arm__core__cortex_m.a(prep_c.c.obj)
                0x00000cf4                relocate_vector_table
 .text.z_prep_c
                0x00000d10       0x38 zephyr/arch/arch/arm/core/cortex_m/libarch__arm__core__cortex_m.a(prep_c.c.obj)
                0x00000d10                z_prep_c
 .text.arch_new_thread
                0x00000d48       0x38 zephyr/arch/arch/arm/core/cortex_m/libarch__arm__core__cortex_m.a(thread.c.obj)
                0x00000d48                arch_new_thread
 .text.z_check_thread_stack_fail
                0x00000d80       0x2c zephyr/arch/arch/arm/core/cortex_m/libarch__arm__core__cortex_m.a(thread.c.obj)
                0x00000d80                z_check_thread_stack_fail
 .text.arch_switch_to_main_thread
                0x00000dac       0x3c zephyr/arch/arch/arm/core/cortex_m/libarch__arm__core__cortex_m.a(thread.c.obj)
                0x00000dac                arch_switch_to_main_thread
 .text.z_arm_cpu_idle_init
                0x00000de8        0xc zephyr/arch/arch/arm/core/cortex_m/libarch__arm__core__cortex_m.a(cpu_idle.c.obj)
                0x00000de8                z_arm_cpu_idle_init
 .text._HandlerModeExit
                0x00000df4       0x20 zephyr/arch/arch/arm/core/cortex_m/libarch__arm__core__cortex_m.a(exc_exit.c.obj)
                0x00000df4                z_arm_exc_exit
                0x00000df4                z_arm_int_exit
 .text.z_impl_k_thread_abort
                0x00000e14       0x2c zephyr/arch/arch/arm/core/cortex_m/libarch__arm__core__cortex_m.a(thread_abort.c.obj)
                0x00000e14                z_impl_k_thread_abort
 .text.z_arm_pendsv
                0x00000e40       0x60 zephyr/arch/arch/arm/core/cortex_m/libarch__arm__core__cortex_m.a(swap_helper.S.obj)
                0x00000e40                z_arm_pendsv
 .text.z_arm_interrupt_init
                0x00000ea0       0x18 zephyr/arch/arch/arm/core/cortex_m/libarch__arm__core__cortex_m.a(irq_init.c.obj)
                0x00000ea0                z_arm_interrupt_init
 .text._isr_wrapper
                0x00000eb8       0x24 zephyr/arch/arch/arm/core/cortex_m/libarch__arm__core__cortex_m.a(isr_wrapper.c.obj)
                0x00000eb8                _isr_wrapper
 .text.__aeabi_read_tp
                0x00000edc        0xc zephyr/arch/arch/arm/core/cortex_m/libarch__arm__core__cortex_m.a(__aeabi_read_tp.S.obj)
                0x00000edc                __aeabi_read_tp
 .text.z_arm_configure_static_mpu_regions
                0x00000ee8       0x18 zephyr/arch/arch/arm/core/mpu/libarch__arm__core__mpu.a(arm_core_mpu.c.obj)
                0x00000ee8                z_arm_configure_static_mpu_regions
 .text.z_arm_configure_dynamic_mpu_regions
                0x00000f00       0x20 zephyr/arch/arch/arm/core/mpu/libarch__arm__core__mpu.a(arm_core_mpu.c.obj)
                0x00000f00                z_arm_configure_dynamic_mpu_regions
 .text.region_init
                0x00000f20       0x28 zephyr/arch/arch/arm/core/mpu/libarch__arm__core__mpu.a(arm_mpu.c.obj)
 .text.mpu_configure_regions
                0x00000f48       0x6c zephyr/arch/arch/arm/core/mpu/libarch__arm__core__mpu.a(arm_mpu.c.obj)
 .text.arm_core_mpu_enable
                0x00000fb4       0x18 zephyr/arch/arch/arm/core/mpu/libarch__arm__core__mpu.a(arm_mpu.c.obj)
                0x00000fb4                arm_core_mpu_enable
 .text.arm_core_mpu_disable
                0x00000fcc       0x14 zephyr/arch/arch/arm/core/mpu/libarch__arm__core__mpu.a(arm_mpu.c.obj)
                0x00000fcc                arm_core_mpu_disable
 .text.arm_core_mpu_configure_static_mpu_regions
                0x00000fe0       0x14 zephyr/arch/arch/arm/core/mpu/libarch__arm__core__mpu.a(arm_mpu.c.obj)
                0x00000fe0                arm_core_mpu_configure_static_mpu_regions
 .text.arm_core_mpu_configure_dynamic_mpu_regions
                0x00000ff4       0x38 zephyr/arch/arch/arm/core/mpu/libarch__arm__core__mpu.a(arm_mpu.c.obj)
                0x00000ff4                arm_core_mpu_configure_dynamic_mpu_regions
 .text.z_arm_mpu_init
                0x0000102c      0x184 zephyr/arch/arch/arm/core/mpu/libarch__arm__core__mpu.a(arm_mpu.c.obj)
                0x0000102c                z_arm_mpu_init
 .text.z_impl_zephyr_fputc
                0x000011b0       0x10 zephyr/lib/libc/picolibc/liblib__libc__picolibc.a(stdio.c.obj)
                0x000011b0                z_impl_zephyr_fputc
 .text.__stdout_hook_install
                0x000011c0       0x18 zephyr/lib/libc/picolibc/liblib__libc__picolibc.a(stdio.c.obj)
                0x000011c0                __stdout_hook_install
 .text.malloc_prepare
                0x000011d8       0x24 zephyr/lib/libc/common/liblib__libc__common.a(malloc.c.obj)
 .text.nordicsemi_nrf52_init
                0x000011fc       0x38 zephyr/soc/soc/nrf52840/libsoc__nordic.a(soc.c.obj)
 .text.arch_busy_wait
                0x00001234       0x24 zephyr/soc/soc/nrf52840/libsoc__nordic.a(soc.c.obj)
                0x00001234                arch_busy_wait
 .text.gppi_init
                0x00001258       0x20 zephyr/soc/soc/nrf52840/libsoc__nordic.a(gppi_init.c.obj)
 .text.onoff_stop
                0x00001278       0x30 zephyr/drivers/clock_control/libdrivers__clock_control.a(clock_control_nrf.c.obj)
 .text.onoff_start
                0x000012a8       0x44 zephyr/drivers/clock_control/libdrivers__clock_control.a(clock_control_nrf.c.obj)
 .text.clk_init
                0x000012ec       0x58 zephyr/drivers/clock_control/libdrivers__clock_control.a(clock_control_nrf.c.obj)
 .text.api_blocking_start
                0x00001344       0x30 zephyr/drivers/clock_control/libdrivers__clock_control.a(clock_control_nrf.c.obj)
 .text.generic_hfclk_stop
                0x00001374       0x34 zephyr/drivers/clock_control/libdrivers__clock_control.a(clock_control_nrf.c.obj)
 .text.clkstarted_handle.constprop.0
                0x000013a8       0x4c zephyr/drivers/clock_control/libdrivers__clock_control.a(clock_control_nrf.c.obj)
 .text.generic_hfclk_start
                0x000013f4       0x78 zephyr/drivers/clock_control/libdrivers__clock_control.a(clock_control_nrf.c.obj)
 .text.clock_event_handler
                0x0000146c       0x1c zephyr/drivers/clock_control/libdrivers__clock_control.a(clock_control_nrf.c.obj)
 .text.z_nrf_clock_control_get_onoff
                0x00001488       0x10 zephyr/drivers/clock_control/libdrivers__clock_control.a(clock_control_nrf.c.obj)
                0x00001488                z_nrf_clock_control_get_onoff
 .text.z_nrf_clock_control_lf_on
                0x00001498       0xbc zephyr/drivers/clock_control/libdrivers__clock_control.a(clock_control_nrf.c.obj)
                0x00001498                z_nrf_clock_control_lf_on
 .text.uart_console_init
                0x00001554       0x28 zephyr/drivers/console/libdrivers__console.a(uart_console.c.obj)
 .text.console_out
                0x0000157c       0x28 zephyr/drivers/console/libdrivers__console.a(uart_console.c.obj)
 .text.nrfx_gpio_handler
                0x000015a4       0x38 zephyr/drivers/gpio/libdrivers__gpio.a(gpio_nrfx.c.obj)
 .text.gpio_nrfx_pin_configure
                0x000015dc      0x184 zephyr/drivers/gpio/libdrivers__gpio.a(gpio_nrfx.c.obj)
 .text.gpio_nrfx_init
                0x00001760       0x3c zephyr/drivers/gpio/libdrivers__gpio.a(gpio_nrfx.c.obj)
 .text.gpio_nrfx_pin_interrupt_configure
                0x0000179c      0x104 zephyr/drivers/gpio/libdrivers__gpio.a(gpio_nrfx.c.obj)
 .text.pinctrl_configure_pins
                0x000018a0      0x10c zephyr/drivers/pinctrl/libdrivers__pinctrl.a(pinctrl_nrf.c.obj)
                0x000018a0                pinctrl_configure_pins
 .text.hfclk_on_callback
                0x000019ac        0xc zephyr/drivers/sensor/nordic/temp/libdrivers__sensor__nordic__temp.a(temp_nrf5.c.obj)
 .text.temp_nrf5_channel_get
                0x000019b8       0x2c zephyr/drivers/sensor/nordic/temp/libdrivers__sensor__nordic__temp.a(temp_nrf5.c.obj)
 .text.temp_nrf5_isr
                0x000019e4       0x18 zephyr/drivers/sensor/nordic/temp/libdrivers__sensor__nordic__temp.a(temp_nrf5.c.obj)
 .text.temp_nrf5_sample_fetch
                0x000019fc       0x78 zephyr/drivers/sensor/nordic/temp/libdrivers__sensor__nordic__temp.a(temp_nrf5.c.obj)
 .text.temp_nrf5_init
                0x00001a74       0x40 zephyr/drivers/sensor/nordic/temp/libdrivers__sensor__nordic__temp.a(temp_nrf5.c.obj)
 .text.uarte_nrfx_poll_out
                0x00001ab4       0xb8 zephyr/drivers/serial/libdrivers__serial.a(uart_nrfx_uarte.c.obj)
 .text.compare_int_lock
                0x00001b6c       0x4c zephyr/drivers/timer/libdrivers__timer.a(nrf_rtc_timer.c.obj)
 .text.compare_int_unlock
                0x00001bb8       0x5c zephyr/drivers/timer/libdrivers__timer.a(nrf_rtc_timer.c.obj)
 .text.z_nrf_rtc_timer_read
                0x00001c14       0x44 zephyr/drivers/timer/libdrivers__timer.a(nrf_rtc_timer.c.obj)
                0x00001c14                z_nrf_rtc_timer_read
 .text.compare_set
                0x00001c58      0x130 zephyr/drivers/timer/libdrivers__timer.a(nrf_rtc_timer.c.obj)
 .text.sys_clock_driver_init
                0x00001d88       0x90 zephyr/drivers/timer/libdrivers__timer.a(nrf_rtc_timer.c.obj)
 .text.sys_clock_timeout_handler
                0x00001e18       0x68 zephyr/drivers/timer/libdrivers__timer.a(nrf_rtc_timer.c.obj)
 .text.rtc_nrf_isr
                0x00001e80       0xd0 zephyr/drivers/timer/libdrivers__timer.a(nrf_rtc_timer.c.obj)
                0x00001e80                rtc_nrf_isr
 .text.sys_clock_set_timeout
                0x00001f50       0x54 zephyr/drivers/timer/libdrivers__timer.a(nrf_rtc_timer.c.obj)
                0x00001f50                sys_clock_set_timeout
 .text.sys_clock_elapsed
                0x00001fa4       0x1c zephyr/drivers/timer/libdrivers__timer.a(nrf_rtc_timer.c.obj)
                0x00001fa4                sys_clock_elapsed
 .text.blink_gpio_led_init
                0x00001fc0       0xa4 modules/example-application/drivers/blink/lib..__example-application__drivers__blink.a(gpio_led.c.obj)
 .text.nvmc_wait
                0x00002064       0x10 modules/hal_nordic/nrfx/libnrfx.a(system_nrf52840.c.obj)
                0x00002064                nvmc_wait
 .text.SystemInit
                0x00002074      0x1ac modules/hal_nordic/nrfx/libnrfx.a(system_nrf52840.c.obj)
                0x00002074                SystemInit
 .text.nrfx_gppi_init
                0x00002220        0xc modules/hal_nordic/nrfx/libnrfx.a(nrfx_gppi_ppi.c.obj)
                0x00002220                nrfx_gppi_init
 .text.nrfx_gppi_domain_conn_alloc
                0x0000222c       0x1c modules/hal_nordic/nrfx/libnrfx.a(nrfx_gppi_ppi.c.obj)
                0x0000222c                nrfx_gppi_domain_conn_alloc
 .text.nrfx_gppi_conn_enable
                0x00002248       0x10 modules/hal_nordic/nrfx/libnrfx.a(nrfx_gppi_ppi.c.obj)
                0x00002248                nrfx_gppi_conn_enable
 .text.hfclk_event_handler
                0x00002258        0xc modules/hal_nordic/nrfx/libnrfx.a(nrfx_clock.c.obj)
 .text.lfclk_event_handler
                0x00002264        0xc modules/hal_nordic/nrfx/libnrfx.a(nrfx_clock.c.obj)
 .text.nrfx_clock_init
                0x00002270       0x40 modules/hal_nordic/nrfx/libnrfx.a(nrfx_clock.c.obj)
                0x00002270                nrfx_clock_init
 .text.nrfx_clock_enable
                0x000022b0       0x20 modules/hal_nordic/nrfx/libnrfx.a(nrfx_clock.c.obj)
                0x000022b0                nrfx_clock_enable
 .text.clock_stop
                0x000022d0       0x4c modules/hal_nordic/nrfx/libnrfx.a(nrfx_clock_hfclk.c.obj)
 .text.nrfx_clock_hfclk_init
                0x0000231c       0x28 modules/hal_nordic/nrfx/libnrfx.a(nrfx_clock_hfclk.c.obj)
                0x0000231c                nrfx_clock_hfclk_init
 .text.nrfx_clock_hfclk_start
                0x00002344       0x38 modules/hal_nordic/nrfx/libnrfx.a(nrfx_clock_hfclk.c.obj)
                0x00002344                nrfx_clock_hfclk_start
 .text.nrfx_clock_hfclk_irq_handler
                0x0000237c       0x40 modules/hal_nordic/nrfx/libnrfx.a(nrfx_clock_hfclk.c.obj)
                0x0000237c                nrfx_clock_hfclk_irq_handler
 .text.nrfx_clock_lfclk_init
                0x000023bc       0x24 modules/hal_nordic/nrfx/libnrfx.a(nrfx_clock_lfclk.c.obj)
                0x000023bc                nrfx_clock_lfclk_init
 .text.nrfx_clock_lfclk_start
                0x000023e0       0x80 modules/hal_nordic/nrfx/libnrfx.a(nrfx_clock_lfclk.c.obj)
                0x000023e0                nrfx_clock_lfclk_start
 .text.nrfx_clock_lfclk_irq_handler
                0x00002460       0x70 modules/hal_nordic/nrfx/libnrfx.a(nrfx_clock_lfclk.c.obj)
                0x00002460                nrfx_clock_lfclk_irq_handler
 .text.nrf_gpio_pin_port_decode
                0x000024d0       0x20 modules/hal_nordic/nrfx/libnrfx.a(nrfx_gpiote.c.obj)
 .text.get_pin_idx
                0x000024f0       0x14 modules/hal_nordic/nrfx/libnrfx.a(nrfx_gpiote.c.obj)
 .text.latch_pending_read_and_check
                0x00002504       0x60 modules/hal_nordic/nrfx/libnrfx.a(nrfx_gpiote.c.obj)
 .text.pin_uninit
                0x00002564       0x78 modules/hal_nordic/nrfx/libnrfx.a(nrfx_gpiote.c.obj)
 .text.nrfx_gpiote_channel_free
                0x000025dc        0xc modules/hal_nordic/nrfx/libnrfx.a(nrfx_gpiote.c.obj)
                0x000025dc                nrfx_gpiote_channel_free
 .text.nrfx_gpiote_channel_alloc
                0x000025e8       0x18 modules/hal_nordic/nrfx/libnrfx.a(nrfx_gpiote.c.obj)
                0x000025e8                nrfx_gpiote_channel_alloc
 .text.nrfx_gpiote_irq_handler
                0x00002600      0x1cc modules/hal_nordic/nrfx/libnrfx.a(nrfx_gpiote.c.obj)
                0x00002600                nrfx_gpiote_irq_handler
 .text.z_fatal_error
                0x000027cc       0x30 zephyr/kernel/libkernel.a(fatal.c.obj)
                0x000027cc                z_fatal_error
 .text.z_sys_init_run_level
                0x000027fc       0x30 zephyr/kernel/libkernel.a(init.c.obj)
 .text.bg_thread_main
                0x0000282c       0xbc zephyr/kernel/libkernel.a(init.c.obj)
 .text.z_init_cpu
                0x000028e8       0x70 zephyr/kernel/libkernel.a(init.c.obj)
                0x000028e8                z_init_cpu
 .text.z_cstart
                0x00002958       0xcc zephyr/kernel/libkernel.a(init.c.obj)
                0x00002958                z_cstart
 .text.z_impl_k_mutex_lock
                0x00002a24       0xe4 zephyr/kernel/libkernel.a(mutex.c.obj)
                0x00002a24                z_impl_k_mutex_lock
 .text.z_impl_k_mutex_unlock
                0x00002b08       0xa0 zephyr/kernel/libkernel.a(mutex.c.obj)
                0x00002b08                z_impl_k_mutex_unlock
 .text.z_impl_k_sem_give
                0x00002ba8       0x44 zephyr/kernel/libkernel.a(sem.c.obj)
                0x00002ba8                z_impl_k_sem_give
 .text.z_impl_k_sem_take
                0x00002bec       0x4c zephyr/kernel/libkernel.a(sem.c.obj)
                0x00002bec                z_impl_k_sem_take
 .text.z_setup_new_thread
                0x00002c38       0xa0 zephyr/kernel/libkernel.a(thread.c.obj)
                0x00002c38                z_setup_new_thread
 .text.z_dummy_thread_init
                0x00002cd8       0x18 zephyr/kernel/libkernel.a(thread.c.obj)
                0x00002cd8                z_dummy_thread_init
 .text.z_impl_k_wakeup
                0x00002cf0       0x48 zephyr/kernel/libkernel.a(thread.c.obj)
                0x00002cf0                z_impl_k_wakeup
 .text.z_swap_irqlock
                0x00002d38       0x30 zephyr/kernel/libkernel.a(sched.c.obj)
 .text.unready_thread
                0x00002d68       0x54 zephyr/kernel/libkernel.a(sched.c.obj)
 .text.ready_thread
                0x00002dbc       0x80 zephyr/kernel/libkernel.a(sched.c.obj)
 .text.reschedule.isra.0
                0x00002e3c       0x28 zephyr/kernel/libkernel.a(sched.c.obj)
 .text.move_current_to_end_of_prio_q
                0x00002e64       0x6c zephyr/kernel/libkernel.a(sched.c.obj)
                0x00002e64                move_current_to_end_of_prio_q
 .text.z_thread_halt
                0x00002ed0      0x140 zephyr/kernel/libkernel.a(sched.c.obj)
                0x00002ed0                z_thread_halt
 .text.z_sched_lock_reschedule
                0x00003010       0x44 zephyr/kernel/libkernel.a(sched.c.obj)
                0x00003010                z_sched_lock_reschedule
 .text.z_sched_yield
                0x00003054       0x84 zephyr/kernel/libkernel.a(sched.c.obj)
                0x00003054                z_sched_yield
 .text.z_pend_curr
                0x000030d8       0x58 zephyr/kernel/libkernel.a(sched.c.obj)
                0x000030d8                z_pend_curr
 .text.z_thread_prio_set
                0x00003130       0xd8 zephyr/kernel/libkernel.a(sched.c.obj)
                0x00003130                z_thread_prio_set
 .text.z_tick_sleep
                0x00003208       0x80 zephyr/kernel/libkernel.a(sleep.c.obj)
 .text.z_sched_init
                0x00003288       0x10 zephyr/kernel/libkernel.a(scheduler.c.obj)
                0x00003288                z_sched_init
 .text.k_sched_lock
                0x00003298       0x28 zephyr/kernel/libkernel.a(scheduler.c.obj)
                0x00003298                k_sched_lock
 .text.k_sched_unlock
                0x000032c0       0x20 zephyr/kernel/libkernel.a(scheduler.c.obj)
                0x000032c0                k_sched_unlock
 .text.z_impl_k_sched_current_thread_query
                0x000032e0        0xc zephyr/kernel/libkernel.a(scheduler.c.obj)
                0x000032e0                z_impl_k_sched_current_thread_query
 .text.z_time_slice_size
                0x000032ec       0x40 zephyr/kernel/libkernel.a(timeslicing.c.obj)
 .text.slice_timeout
                0x0000332c       0x20 zephyr/kernel/libkernel.a(timeslicing.c.obj)
 .text.z_time_slice_reset
                0x0000334c       0x44 zephyr/kernel/libkernel.a(timeslicing.c.obj)
                0x0000334c                z_time_slice_reset
 .text.z_time_slice
                0x00003390       0x5c zephyr/kernel/libkernel.a(timeslicing.c.obj)
                0x00003390                z_time_slice
 .text.first    0x000033ec       0x10 zephyr/kernel/libkernel.a(timeout.c.obj)
 .text.elapsed  0x000033fc       0x10 zephyr/kernel/libkernel.a(timeout.c.obj)
 .text.z_add_timeout
                0x0000340c      0x130 zephyr/kernel/libkernel.a(timeout.c.obj)
                0x0000340c                z_add_timeout
 .text.z_try_abort_timeout
                0x0000353c       0x84 zephyr/kernel/libkernel.a(timeout.c.obj)
                0x0000353c                z_try_abort_timeout
 .text.z_timeout_inflight_superseded
                0x000035c0       0x2c zephyr/kernel/libkernel.a(timeout.c.obj)
                0x000035c0                z_timeout_inflight_superseded
 .text.sys_clock_announce_locked
                0x000035ec       0xd0 zephyr/kernel/libkernel.a(timeout.c.obj)
                0x000035ec                sys_clock_announce_locked
 .text.sys_clock_tick_get
                0x000036bc       0x30 zephyr/kernel/libkernel.a(timeout.c.obj)
                0x000036bc                sys_clock_tick_get
 .text.z_timer_expiration_handler
                0x000036ec       0xec zephyr/kernel/libkernel.a(timer.c.obj)
                0x000036ec                z_timer_expiration_handler
 .text.z_impl_k_timer_start
                0x000037d8       0x4c zephyr/kernel/libkernel.a(timer.c.obj)
                0x000037d8                z_impl_k_timer_start
 .text.z_impl_k_timer_stop
                0x00003824       0x60 zephyr/kernel/libkernel.a(timer.c.obj)
                0x00003824                z_impl_k_timer_stop
 .text.__l_vfprintf
                0x00003884      0x488 /home/rodrigo/zephyr-sdk-1.0.1/gnu/arm-zephyr-eabi/bin/../lib/gcc/arm-zephyr-eabi/14.3.0/../../../../arm-zephyr-eabi/lib/thumb/v7e-m/nofp/space/libc.a(libc_tinystdio_vflprintf.c.o)
                0x00003884                __l_vfprintf
 .text._OffsetAbsSyms
                0x00003d0c        0x2 zephyr/CMakeFiles/offsets.dir/./arch/arm/core/offsets/offsets.c.obj
                0x00003d0c                _OffsetAbsSyms
 .text.chunk_size
                0x00003d0e        0xa zephyr/libzephyr.a(heap.c.obj)
 .text.free_list_add
                0x00003d18       0x4e zephyr/libzephyr.a(heap.c.obj)
 .text.sys_heap_init
                0x00003d66       0x82 zephyr/libzephyr.a(heap.c.obj)
                0x00003d66                sys_heap_init
 .text.arch_printk_char_out
                0x00003de8        0x4 zephyr/libzephyr.a(printk.c.obj)
                0x00003de8                arch_printk_char_out
 .text.printk   0x00003dec       0x1a zephyr/libzephyr.a(printk.c.obj)
                0x00003dec                printk
 .text.process_recheck
                0x00003e06       0x38 zephyr/libzephyr.a(onoff.c.obj)
 .text.validate_args
                0x00003e3e       0x20 zephyr/libzephyr.a(onoff.c.obj)
 .text.notify_one
                0x00003e5e       0x2c zephyr/libzephyr.a(onoff.c.obj)
 .text.transition_complete
                0x00003e8a       0x1a zephyr/libzephyr.a(onoff.c.obj)
 .text.onoff_manager_init
                0x00003ea4       0x26 zephyr/libzephyr.a(onoff.c.obj)
                0x00003ea4                onoff_manager_init
 .text.onoff_request
                0x00003eca       0x96 zephyr/libzephyr.a(onoff.c.obj)
                0x00003eca                onoff_request
 .text.onoff_release
                0x00003f60       0x48 zephyr/libzephyr.a(onoff.c.obj)
                0x00003f60                onoff_release
 .text.sys_notify_validate
                0x00003fa8       0x22 zephyr/libzephyr.a(notify.c.obj)
                0x00003fa8                sys_notify_validate
 .text.sys_notify_finalize
                0x00003fca       0x1a zephyr/libzephyr.a(notify.c.obj)
                0x00003fca                sys_notify_finalize
 .text._ConfigAbsSyms
                0x00003fe4        0x2 zephyr/libzephyr.a(configs.c.obj)
                0x00003fe4                _ConfigAbsSyms
 .text.arch_early_memset
                0x00003fe6        0x4 zephyr/arch/common/libarch__common.a(init.c.obj)
                0x00003fe6                arch_early_memset
 .text.arch_early_memcpy
                0x00003fea        0x4 zephyr/arch/common/libarch__common.a(init.c.obj)
                0x00003fea                arch_early_memcpy
 .text.z_do_kernel_oops
                0x00003fee        0x8 zephyr/arch/arch/arm/core/libarch__arm__core.a(fatal.c.obj)
                0x00003fee                z_do_kernel_oops
 .text.z_arm_nmi
                0x00003ff6        0xe zephyr/arch/arch/arm/core/libarch__arm__core.a(nmi.c.obj)
                0x00003ff6                z_arm_nmi
 .text.z_irq_spurious
                0x00004004        0x8 zephyr/arch/arch/arm/core/cortex_m/libarch__arm__core__cortex_m.a(irq_manage.c.obj)
                0x00004004                z_irq_spurious
 .text.arch_coprocessors_disable
                0x0000400c        0x6 zephyr/arch/arch/arm/core/cortex_m/libarch__arm__core__cortex_m.a(thread.c.obj)
                0x0000400c                arch_coprocessors_disable
 .text.arch_irq_unlock_outlined
                0x00004012        0xe zephyr/arch/arch/arm/core/cortex_m/libarch__arm__core__cortex_m.a(thread.c.obj)
                0x00004012                arch_irq_unlock_outlined
 .text.arch_cpu_idle
                0x00004020       0x1a zephyr/arch/arch/arm/core/cortex_m/libarch__arm__core__cortex_m.a(cpu_idle.c.obj)
                0x00004020                arch_cpu_idle
 .text.size_to_mpu_rasr_size
                0x0000403a       0x20 zephyr/arch/arch/arm/core/mpu/libarch__arm__core__mpu.a(arm_mpu.c.obj)
 .text.picolibc_put
                0x0000405a        0xa zephyr/lib/libc/picolibc/liblib__libc__picolibc.a(stdio.c.obj)
 .text.get_status
                0x00004064       0x12 zephyr/drivers/clock_control/libdrivers__clock_control.a(clock_control_nrf.c.obj)
 .text.stop     0x00004076       0x50 zephyr/drivers/clock_control/libdrivers__clock_control.a(clock_control_nrf.c.obj)
 .text.api_stop
                0x000040c6        0x6 zephyr/drivers/clock_control/libdrivers__clock_control.a(clock_control_nrf.c.obj)
 .text.async_start
                0x000040cc       0x60 zephyr/drivers/clock_control/libdrivers__clock_control.a(clock_control_nrf.c.obj)
 .text.api_start
                0x0000412c        0xe zephyr/drivers/clock_control/libdrivers__clock_control.a(clock_control_nrf.c.obj)
 .text.onoff_started_callback
                0x0000413a       0x12 zephyr/drivers/clock_control/libdrivers__clock_control.a(clock_control_nrf.c.obj)
 .text.blocking_start_callback
                0x0000414c        0x6 zephyr/drivers/clock_control/libdrivers__clock_control.a(clock_control_nrf.c.obj)
 .text.lfclk_stop
                0x00004152        0x4 zephyr/drivers/clock_control/libdrivers__clock_control.a(clock_control_nrf.c.obj)
 .text.lfclk_start
                0x00004156        0x4 zephyr/drivers/clock_control/libdrivers__clock_control.a(clock_control_nrf.c.obj)
 .text.gpio_nrfx_port_get_raw
                0x0000415a        0xe zephyr/drivers/gpio/libdrivers__gpio.a(gpio_nrfx.c.obj)
 .text.gpio_nrfx_port_set_masked_raw
                0x00004168       0x18 zephyr/drivers/gpio/libdrivers__gpio.a(gpio_nrfx.c.obj)
 .text.gpio_nrfx_port_set_bits_raw
                0x00004180        0xc zephyr/drivers/gpio/libdrivers__gpio.a(gpio_nrfx.c.obj)
 .text.gpio_nrfx_port_clear_bits_raw
                0x0000418c        0xc zephyr/drivers/gpio/libdrivers__gpio.a(gpio_nrfx.c.obj)
 .text.gpio_nrfx_port_toggle_bits
                0x00004198       0x1a zephyr/drivers/gpio/libdrivers__gpio.a(gpio_nrfx.c.obj)
 .text.gpio_nrfx_manage_callback
                0x000041b2       0x54 zephyr/drivers/gpio/libdrivers__gpio.a(gpio_nrfx.c.obj)
 .text.gpio_nrfx_gpiote_irq_handler
                0x00004206        0x4 zephyr/drivers/gpio/libdrivers__gpio.a(gpio_nrfx.c.obj)
                0x00004206                gpio_nrfx_gpiote_irq_handler
 .text.pinctrl_lookup_state
                0x0000420a       0x26 zephyr/drivers/pinctrl/libdrivers__pinctrl.a(common.c.obj)
                0x0000420a                pinctrl_lookup_state
 .text.uarte_nrfx_err_check
                0x00004230        0xe zephyr/drivers/serial/libdrivers__serial.a(uart_nrfx_uarte.c.obj)
 .text.uarte_nrfx_poll_in
                0x0000423e       0x26 zephyr/drivers/serial/libdrivers__serial.a(uart_nrfx_uarte.c.obj)
 .text.is_tx_ready.isra.0
                0x00004264       0x20 zephyr/drivers/serial/libdrivers__serial.a(uart_nrfx_uarte.c.obj)
 .text.uarte_nrfx_isr_int
                0x00004284       0x42 zephyr/drivers/serial/libdrivers__serial.a(uart_nrfx_uarte.c.obj)
 .text.pinctrl_apply_state.isra.0
                0x000042c6       0x1e zephyr/drivers/serial/libdrivers__serial.a(uart_nrfx_uarte.c.obj)
 .text.uarte_0_init
                0x000042e4       0xd0 zephyr/drivers/serial/libdrivers__serial.a(uart_nrfx_uarte.c.obj)
 .text.event_clear
                0x000043b4       0x18 zephyr/drivers/timer/libdrivers__timer.a(nrf_rtc_timer.c.obj)
 .text.blink_gpio_led_on_timer_expire
                0x000043cc       0x12 modules/example-application/drivers/blink/lib..__example-application__drivers__blink.a(gpio_led.c.obj)
 .text.blink_gpio_led_set_period_ms
                0x000043de       0x5a modules/example-application/drivers/blink/lib..__example-application__drivers__blink.a(gpio_led.c.obj)
 .text.example_sensor_sample_fetch
                0x00004438       0x30 modules/example-application/drivers/sensor/example_sensor/lib..__example-application__drivers__sensor__example_sensor.a(example_sensor.c.obj)
 .text.example_sensor_channel_get
                0x00004468       0x12 modules/example-application/drivers/sensor/example_sensor/lib..__example-application__drivers__sensor__example_sensor.a(example_sensor.c.obj)
 .text.example_sensor_init
                0x0000447a       0x3a modules/example-application/drivers/sensor/example_sensor/lib..__example-application__drivers__sensor__example_sensor.a(example_sensor.c.obj)
 .text.nrf52_errata_98
                0x000044b4       0x1a modules/hal_nordic/nrfx/libnrfx.a(system_nrf52840.c.obj)
 .text.nrfx_isr
                0x000044ce        0x6 modules/hal_nordic/nrfx/libnrfx.a(nrfx_glue.c.obj)
                0x000044ce                nrfx_isr
 .text.nrfx_busy_wait
                0x000044d4        0x4 modules/hal_nordic/nrfx/libnrfx.a(nrfx_glue.c.obj)
                0x000044d4                nrfx_busy_wait
 .text.nrfx_flag32_alloc
                0x000044d8       0x3c modules/hal_nordic/nrfx/libnrfx.a(nrfx_flag32_allocator.c.obj)
                0x000044d8                nrfx_flag32_alloc
 .text.nrfx_flag32_free
                0x00004514       0x3a modules/hal_nordic/nrfx/libnrfx.a(nrfx_flag32_allocator.c.obj)
                0x00004514                nrfx_flag32_free
 .text.nrfx_gppi_conn_alloc
                0x0000454e       0x28 modules/hal_nordic/nrfx/libnrfx.a(nrfx_gppi_ppi.c.obj)
                0x0000454e                nrfx_gppi_conn_alloc
 .text.nrfx_clock_start
                0x00004576       0x10 modules/hal_nordic/nrfx/libnrfx.a(nrfx_clock.c.obj)
                0x00004576                nrfx_clock_start
 .text.nrfx_clock_stop
                0x00004586       0x10 modules/hal_nordic/nrfx/libnrfx.a(nrfx_clock.c.obj)
                0x00004586                nrfx_clock_stop
 .text.nrfx_power_clock_irq_handler
                0x00004596        0xe modules/hal_nordic/nrfx/libnrfx.a(nrfx_clock.c.obj)
                0x00004596                nrfx_power_clock_irq_handler
 .text.nrf52_errata_201
                0x000045a4       0x1e modules/hal_nordic/nrfx/libnrfx.a(nrfx_clock_hfclk.c.obj)
 .text.nrfx_clock_hfclk_stop
                0x000045c2        0x4 modules/hal_nordic/nrfx/libnrfx.a(nrfx_clock_hfclk.c.obj)
                0x000045c2                nrfx_clock_hfclk_stop
 .text.clock_stop
                0x000045c6       0x32 modules/hal_nordic/nrfx/libnrfx.a(nrfx_clock_lfclk.c.obj)
 .text.nrfx_clock_lfclk_stop
                0x000045f8        0x4 modules/hal_nordic/nrfx/libnrfx.a(nrfx_clock_lfclk.c.obj)
                0x000045f8                nrfx_clock_lfclk_stop
 .text.nrf_gpio_reconfigure
                0x000045fc       0x92 modules/hal_nordic/nrfx/libnrfx.a(nrfx_gpiote.c.obj)
 .text.nrf_gpio_cfg_sense_set
                0x0000468e       0x1e modules/hal_nordic/nrfx/libnrfx.a(nrfx_gpiote.c.obj)
 .text.pin_in_use_by_te
                0x000046ac       0x16 modules/hal_nordic/nrfx/libnrfx.a(nrfx_gpiote.c.obj)
 .text.pin_is_output
                0x000046c2       0x16 modules/hal_nordic/nrfx/libnrfx.a(nrfx_gpiote.c.obj)
 .text.pin_te_get
                0x000046d8       0x14 modules/hal_nordic/nrfx/libnrfx.a(nrfx_gpiote.c.obj)
 .text.call_handler
                0x000046ec       0x3e modules/hal_nordic/nrfx/libnrfx.a(nrfx_gpiote.c.obj)
 .text.release_handler
                0x0000472a       0x52 modules/hal_nordic/nrfx/libnrfx.a(nrfx_gpiote.c.obj)
 .text.__nrfy_internal_gpiote_events_process
                0x0000477c       0x50 modules/hal_nordic/nrfx/libnrfx.a(nrfx_gpiote.c.obj)
 .text.pin_trigger_disable
                0x000047cc       0x44 modules/hal_nordic/nrfx/libnrfx.a(nrfx_gpiote.c.obj)
 .text.nrfx_gpiote_input_configure
                0x00004810      0x166 modules/hal_nordic/nrfx/libnrfx.a(nrfx_gpiote.c.obj)
                0x00004810                nrfx_gpiote_input_configure
 .text.nrfx_gpiote_output_configure
                0x00004976       0xea modules/hal_nordic/nrfx/libnrfx.a(nrfx_gpiote.c.obj)
                0x00004976                nrfx_gpiote_output_configure
 .text.nrfx_gpiote_global_callback_set
                0x00004a60        0x6 modules/hal_nordic/nrfx/libnrfx.a(nrfx_gpiote.c.obj)
                0x00004a60                nrfx_gpiote_global_callback_set
 .text.nrfx_gpiote_channel_get
                0x00004a66       0x26 modules/hal_nordic/nrfx/libnrfx.a(nrfx_gpiote.c.obj)
                0x00004a66                nrfx_gpiote_channel_get
 .text.nrfx_gpiote_init
                0x00004a8c       0x38 modules/hal_nordic/nrfx/libnrfx.a(nrfx_gpiote.c.obj)
                0x00004a8c                nrfx_gpiote_init
 .text.nrfx_gpiote_init_check
                0x00004ac4        0xc modules/hal_nordic/nrfx/libnrfx.a(nrfx_gpiote.c.obj)
                0x00004ac4                nrfx_gpiote_init_check
 .text.nrfx_gpiote_pin_uninit
                0x00004ad0        0x4 modules/hal_nordic/nrfx/libnrfx.a(nrfx_gpiote.c.obj)
                0x00004ad0                nrfx_gpiote_pin_uninit
 .text.nrfx_gpiote_trigger_enable
                0x00004ad4       0xa2 modules/hal_nordic/nrfx/libnrfx.a(nrfx_gpiote.c.obj)
                0x00004ad4                nrfx_gpiote_trigger_enable
 .text.nrfx_gpiote_trigger_disable
                0x00004b76        0x4 modules/hal_nordic/nrfx/libnrfx.a(nrfx_gpiote.c.obj)
                0x00004b76                nrfx_gpiote_trigger_disable
 .text.z_impl_k_busy_wait
                0x00004b7a        0x8 zephyr/kernel/libkernel.a(busy_wait.c.obj)
                0x00004b7a                z_impl_k_busy_wait
 .text.do_device_init
                0x00004b82       0x30 zephyr/kernel/libkernel.a(device.c.obj)
                0x00004b82                do_device_init
 .text.z_impl_device_is_ready
                0x00004bb2       0x16 zephyr/kernel/libkernel.a(device.c.obj)
                0x00004bb2                z_impl_device_is_ready
 .text.arch_system_halt
                0x00004bc8       0x10 zephyr/kernel/libkernel.a(fatal.c.obj)
                0x00004bc8                arch_system_halt
 .text.k_sys_fatal_error_handler
                0x00004bd8        0x6 zephyr/kernel/libkernel.a(fatal.c.obj)
                0x00004bd8                k_sys_fatal_error_handler
 .text.idle     0x00004bde       0x16 zephyr/kernel/libkernel.a(idle.c.obj)
                0x00004bde                idle
 .text.adjust_owner_prio.isra.0
                0x00004bf4       0x10 zephyr/kernel/libkernel.a(mutex.c.obj)
 .text.z_impl_k_mutex_init
                0x00004c04        0xe zephyr/kernel/libkernel.a(mutex.c.obj)
                0x00004c04                z_impl_k_mutex_init
 .text.z_impl_k_sem_init
                0x00004c12       0x18 zephyr/kernel/libkernel.a(sem.c.obj)
                0x00004c12                z_impl_k_sem_init
 .text.k_is_in_isr
                0x00004c2a        0xc zephyr/kernel/libkernel.a(thread.c.obj)
                0x00004c2a                k_is_in_isr
 .text.z_thread_abort
                0x00004c36       0x3e zephyr/kernel/libkernel.a(thread.c.obj)
                0x00004c36                z_thread_abort
 .text.z_impl_k_yield
                0x00004c74        0x4 zephyr/kernel/libkernel.a(thread.c.obj)
                0x00004c74                z_impl_k_yield
 .text.sys_dlist_remove
                0x00004c78       0x10 zephyr/kernel/libkernel.a(sched.c.obj)
 .text.unpend_thread_no_timeout
                0x00004c88       0x14 zephyr/kernel/libkernel.a(sched.c.obj)
 .text.add_to_waitq_locked
                0x00004c9c       0x4c zephyr/kernel/libkernel.a(sched.c.obj)
 .text.z_ready_thread
                0x00004ce8       0x1e zephyr/kernel/libkernel.a(sched.c.obj)
                0x00004ce8                z_ready_thread
 .text.z_sched_ready_locked
                0x00004d06        0x4 zephyr/kernel/libkernel.a(sched.c.obj)
                0x00004d06                z_sched_ready_locked
 .text.z_sched_unready_locked
                0x00004d0a        0x4 zephyr/kernel/libkernel.a(sched.c.obj)
                0x00004d0a                z_sched_unready_locked
 .text.z_unpend_thread_no_timeout
                0x00004d0e       0x22 zephyr/kernel/libkernel.a(sched.c.obj)
                0x00004d0e                z_unpend_thread_no_timeout
 .text.z_sched_wake_thread_locked
                0x00004d30       0x28 zephyr/kernel/libkernel.a(sched.c.obj)
                0x00004d30                z_sched_wake_thread_locked
 .text.z_thread_timeout
                0x00004d58       0x2a zephyr/kernel/libkernel.a(sched.c.obj)
                0x00004d58                z_thread_timeout
 .text.z_unpend1_no_timeout
                0x00004d82       0x2c zephyr/kernel/libkernel.a(sched.c.obj)
                0x00004d82                z_unpend1_no_timeout
 .text.z_reschedule
                0x00004dae        0x6 zephyr/kernel/libkernel.a(sched.c.obj)
                0x00004dae                z_reschedule
 .text.z_impl_k_sleep
                0x00004db4       0x32 zephyr/kernel/libkernel.a(sleep.c.obj)
                0x00004db4                z_impl_k_sleep
 .text.z_sched_wake
                0x00004de6       0x5a zephyr/kernel/libkernel.a(scheduler.c.obj)
                0x00004de6                z_sched_wake
 .text.next_timeout
                0x00004e40       0x2e zephyr/kernel/libkernel.a(timeout.c.obj)
 .text.sys_clock_tick_get_32
                0x00004e6e        0x8 zephyr/kernel/libkernel.a(timeout.c.obj)
                0x00004e6e                sys_clock_tick_get_32
 .text.z_impl_k_uptime_ticks
                0x00004e76        0x4 zephyr/kernel/libkernel.a(timeout.c.obj)
                0x00004e76                z_impl_k_uptime_ticks
 .text.k_timer_init
                0x00004e7a       0x22 zephyr/kernel/libkernel.a(timer.c.obj)
                0x00004e7a                k_timer_init
 .text.memcpy   0x00004e9c       0x1c /home/rodrigo/zephyr-sdk-1.0.1/gnu/arm-zephyr-eabi/bin/../lib/gcc/arm-zephyr-eabi/14.3.0/../../../../arm-zephyr-eabi/lib/thumb/v7e-m/nofp/space/libc.a(memcpy.c.o)
                0x00004e9c                memcpy
                0x00004e9c                __aeabi_memcpy
                0x00004e9c                __aeabi_memcpy4
                0x00004e9c                __aeabi_memcpy8
 .text.memset   0x00004eb8       0x10 /home/rodrigo/zephyr-sdk-1.0.1/gnu/arm-zephyr-eabi/bin/../lib/gcc/arm-zephyr-eabi/14.3.0/../../../../arm-zephyr-eabi/lib/thumb/v7e-m/nofp/space/libc.a(memset.c.o)
                0x00004eb8                memset
 .text.strnlen  0x00004ec8       0x18 /home/rodrigo/zephyr-sdk-1.0.1/gnu/arm-zephyr-eabi/bin/../lib/gcc/arm-zephyr-eabi/14.3.0/../../../../arm-zephyr-eabi/lib/thumb/v7e-m/nofp/space/libc.a(libc_string_strnlen.c.o)
                0x00004ec8                strnlen
 .text.__ultoa_invert
                0x00004ee0       0xae /home/rodrigo/zephyr-sdk-1.0.1/gnu/arm-zephyr-eabi/bin/../lib/gcc/arm-zephyr-eabi/14.3.0/../../../../arm-zephyr-eabi/lib/thumb/v7e-m/nofp/space/libc.a(libc_tinystdio_vflprintf.c.o)
 *(SORT_BY_ALIGNMENT(.gnu.linkonce.t.*))
 *(SORT_BY_ALIGNMENT(.glue_7t))
 .glue_7t       0x00004f8e        0x0 linker stubs
 *(SORT_BY_ALIGNMENT(.glue_7))
 .glue_7        0x00004f8e        0x0 linker stubs
 *(SORT_BY_ALIGNMENT(.vfp11_veneer))
 .vfp11_veneer  0x00004f8e        0x0 linker stubs
 *(SORT_BY_ALIGNMENT(.v4_bx))
 .v4_bx         0x00004f8e        0x0 linker stubs
                0x00004f90                        . = ALIGN (0x4)
 *fill*         0x00004f8e        0x2 
                0x00004f90                        __text_region_end = .

.ARM.exidx      0x00004f90        0x8
                0x00004f90                        __exidx_start = .
 *(SORT_BY_ALIGNMENT(.ARM.exidx*) SORT_BY_ALIGNMENT(gnu.linkonce.armexidx.*))
 .ARM.exidx     0x00004f90        0x8 /home/rodrigo/zephyr-sdk-1.0.1/gnu/arm-zephyr-eabi/bin/../lib/gcc/arm-zephyr-eabi/14.3.0/thumb/v7e-m/nofp/space/libgcc.a(_udivmoddi4.o)
                0x00004f98                        __exidx_end = .
                0x00004f98                        __rodata_region_start = .

initlevel       0x00004f98       0x60
                0x00004f98                        __init_start = .
                0x00004f98                        __init_EARLY_start = .
 *(SORT_BY_NAME(SORT_BY_ALIGNMENT(.z_init_EARLY_P_?_*)))
 .z_init_EARLY_P_0_SUB_0_
                0x00004f98        0x8 zephyr/soc/soc/nrf52840/libsoc__nordic.a(gppi_init.c.obj)
 *(SORT_BY_NAME(SORT_BY_ALIGNMENT(.z_init_EARLY_P_??_*)))
 *(SORT_BY_NAME(SORT_BY_ALIGNMENT(.z_init_EARLY_P_???_*)))
                0x00004fa0                        __init_PRE_KERNEL_1_start = .
 *(SORT_BY_NAME(SORT_BY_ALIGNMENT(.z_init_PRE_KERNEL_1_P_?_*)))
 .z_init_PRE_KERNEL_1_P_0_SUB_0_
                0x00004fa0        0x8 zephyr/soc/soc/nrf52840/libsoc__nordic.a(soc.c.obj)
 *(SORT_BY_NAME(SORT_BY_ALIGNMENT(.z_init_PRE_KERNEL_1_P_??_*)))
 .z_init_PRE_KERNEL_1_P_30_SUB_00025_
                0x00004fa8        0x8 zephyr/drivers/clock_control/libdrivers__clock_control.a(clock_control_nrf.c.obj)
 .z_init_PRE_KERNEL_1_P_40_SUB_00005_
                0x00004fb0        0x8 zephyr/drivers/gpio/libdrivers__gpio.a(gpio_nrfx.c.obj)
 .z_init_PRE_KERNEL_1_P_50_SUB_00065_
                0x00004fb8        0x8 zephyr/drivers/serial/libdrivers__serial.a(uart_nrfx_uarte.c.obj)
 .z_init_PRE_KERNEL_1_P_60_SUB_0_
                0x00004fc0        0x8 zephyr/drivers/console/libdrivers__console.a(uart_console.c.obj)
 *(SORT_BY_NAME(SORT_BY_ALIGNMENT(.z_init_PRE_KERNEL_1_P_???_*)))
                0x00004fc8                        __init_PRE_KERNEL_2_start = .
 *(SORT_BY_NAME(SORT_BY_ALIGNMENT(.z_init_PRE_KERNEL_2_P_?_*)))
 .z_init_PRE_KERNEL_2_P_0_SUB_0_
                0x00004fc8        0x8 zephyr/drivers/timer/libdrivers__timer.a(nrf_rtc_timer.c.obj)
 *(SORT_BY_NAME(SORT_BY_ALIGNMENT(.z_init_PRE_KERNEL_2_P_??_*)))
 *(SORT_BY_NAME(SORT_BY_ALIGNMENT(.z_init_PRE_KERNEL_2_P_???_*)))
                0x00004fd0                        __init_POST_KERNEL_start = .
 *(SORT_BY_NAME(SORT_BY_ALIGNMENT(.z_init_POST_KERNEL_P_?_*)))
 *(SORT_BY_NAME(SORT_BY_ALIGNMENT(.z_init_POST_KERNEL_P_??_*)))
 .z_init_POST_KERNEL_P_35_SUB_0_
                0x00004fd0        0x8 zephyr/lib/libc/common/liblib__libc__common.a(malloc.c.obj)
 .z_init_POST_KERNEL_P_50_SUB_00006_
                0x00004fd8        0x8 modules/example-application/drivers/blink/lib..__example-application__drivers__blink.a(gpio_led.c.obj)
 .z_init_POST_KERNEL_P_90_SUB_00009_
                0x00004fe0        0x8 modules/example-application/drivers/sensor/example_sensor/lib..__example-application__drivers__sensor__example_sensor.a(example_sensor.c.obj)
 .z_init_POST_KERNEL_P_90_SUB_00059_
                0x00004fe8        0x8 zephyr/drivers/sensor/nordic/temp/libdrivers__sensor__nordic__temp.a(temp_nrf5.c.obj)
 *(SORT_BY_NAME(SORT_BY_ALIGNMENT(.z_init_POST_KERNEL_P_???_*)))
                0x00004ff0                        __init_APPLICATION_start = .
 *(SORT_BY_NAME(SORT_BY_ALIGNMENT(.z_init_APPLICATION_P_?_*)))
 .z_init_APPLICATION_P_0_SUB_0_
                0x00004ff0        0x8 zephyr/libzephyr.a(boot_banner.c.obj)
 *(SORT_BY_NAME(SORT_BY_ALIGNMENT(.z_init_APPLICATION_P_??_*)))
 *(SORT_BY_NAME(SORT_BY_ALIGNMENT(.z_init_APPLICATION_P_???_*)))
                0x00004ff8                        __init_SMP_start = .
 *(SORT_BY_NAME(SORT_BY_ALIGNMENT(.z_init_SMP_P_?_*)))
 *(SORT_BY_NAME(SORT_BY_ALIGNMENT(.z_init_SMP_P_??_*)))
 *(SORT_BY_NAME(SORT_BY_ALIGNMENT(.z_init_SMP_P_???_*)))
                0x00004ff8                        __init_end = .

device_area     0x00004ff8       0xa8
                0x00004ff8                        _device_list_start = .
 *(SORT_BY_NAME(SORT_BY_ALIGNMENT(._device.static.*_?_*)))
 *(SORT_BY_NAME(SORT_BY_ALIGNMENT(._device.static.*_??_*)))
 ._device.static.1_30_
                0x00004ff8       0x1c zephyr/drivers/clock_control/libdrivers__clock_control.a(clock_control_nrf.c.obj)
                0x00004ff8                __device_dts_ord_25
 ._device.static.1_40_
                0x00005014       0x1c zephyr/drivers/gpio/libdrivers__gpio.a(gpio_nrfx.c.obj)
                0x00005014                __device_dts_ord_5
 ._device.static.1_50_
                0x00005030       0x1c zephyr/drivers/serial/libdrivers__serial.a(uart_nrfx_uarte.c.obj)
                0x00005030                __device_dts_ord_65
 ._device.static.3_50_
                0x0000504c       0x1c modules/example-application/drivers/blink/lib..__example-application__drivers__blink.a(gpio_led.c.obj)
                0x0000504c                __device_dts_ord_6
 ._device.static.3_90_
                0x00005068       0x1c zephyr/drivers/sensor/nordic/temp/libdrivers__sensor__nordic__temp.a(temp_nrf5.c.obj)
                0x00005068                __device_dts_ord_59
 ._device.static.3_90_
                0x00005084       0x1c modules/example-application/drivers/sensor/example_sensor/lib..__example-application__drivers__sensor__example_sensor.a(example_sensor.c.obj)
                0x00005084                __device_dts_ord_9
 *(SORT_BY_NAME(SORT_BY_ALIGNMENT(._device.static.*_???_*)))
 *(SORT_BY_NAME(SORT_BY_ALIGNMENT(._device.static.*_????_*)))
 *(SORT_BY_NAME(SORT_BY_ALIGNMENT(._device.static.*_?????_*)))
                0x000050a0                        _device_list_end = .

sw_isr_table    0x000050a0      0x180
                0x000050a0                        . = ALIGN (0x4)
 *(SORT_BY_ALIGNMENT(.gnu.linkonce.sw_isr_table*))
 .gnu.linkonce.sw_isr_table
                0x000050a0      0x180 zephyr/arch/common/libisr_tables.a(isr_tables.c.obj)
                0x000050a0                _sw_isr_table

initlevel_error
 *(SORT_BY_NAME(SORT_BY_ALIGNMENT(.z_init_*)))
                0x00000001                        ASSERT ((SIZEOF (initlevel_error) == 0x0), Undefined initialization levels used.)

app_shmem_regions
                0x00005220        0x0
                0x00005220                        __app_shmem_regions_start = .
 *(SORT_BY_NAME(SORT_BY_ALIGNMENT(.app_regions.*)))
                0x00005220                        __app_shmem_regions_end = .

k_p4wq_initparam_area
                0x00005220        0x0
                0x00005220                        _k_p4wq_initparam_list_start = .
 *(SORT_BY_NAME(SORT_BY_ALIGNMENT(._k_p4wq_initparam.static.*)))
                0x00005220                        _k_p4wq_initparam_list_end = .

_static_thread_data_area
                0x00005220        0x0
                0x00005220                        __static_thread_data_list_start = .
 *(SORT_BY_NAME(SORT_BY_ALIGNMENT(.__static_thread_data.static.*)))
                0x00005220                        __static_thread_data_list_end = .

device_deps     0x00005220        0x0
                0x00005220                        __device_deps_start = .
 *(SORT_BY_NAME(SORT_BY_ALIGNMENT(.__device_deps_pass2*)))
                0x00005220                        __device_deps_end = .

device_api_area
                0x00005220       0x88
                0x00005220                        _gpio_driver_api_list_start = .
 *(SORT_BY_NAME(SORT_BY_ALIGNMENT(._gpio_driver_api.static.*)))
 ._gpio_driver_api.static.gpio_nrfx_drv_api_funcs_
                0x00005220       0x24 zephyr/drivers/gpio/libdrivers__gpio.a(gpio_nrfx.c.obj)
                0x00005244                        _gpio_driver_api_list_end = .
                0x00005244                        _gpio_driver_api_ext_end = .
                0x00005244                        _sensor_driver_api_list_start = .
 *(SORT_BY_NAME(SORT_BY_ALIGNMENT(._sensor_driver_api.static.*)))
 ._sensor_driver_api.static.example_sensor_api_
                0x00005244       0x1c modules/example-application/drivers/sensor/example_sensor/lib..__example-application__drivers__sensor__example_sensor.a(example_sensor.c.obj)
 ._sensor_driver_api.static.temp_nrf5_driver_api_
                0x00005260       0x1c zephyr/drivers/sensor/nordic/temp/libdrivers__sensor__nordic__temp.a(temp_nrf5.c.obj)
                0x0000527c                        _sensor_driver_api_list_end = .
                0x0000527c                        _sensor_driver_api_ext_end = .
                0x0000527c                        _blink_driver_api_list_start = .
 *(SORT_BY_NAME(SORT_BY_ALIGNMENT(._blink_driver_api.static.*)))
 ._blink_driver_api.static.blink_gpio_led_api_
                0x0000527c        0x4 modules/example-application/drivers/blink/lib..__example-application__drivers__blink.a(gpio_led.c.obj)
                0x00005280                        _blink_driver_api_list_end = .
                0x00005280                        _blink_driver_api_ext_end = .
                0x00005280                        _shared_irq_driver_api_list_start = .
 *(SORT_BY_NAME(SORT_BY_ALIGNMENT(._shared_irq_driver_api.static.*)))
                0x00005280                        _shared_irq_driver_api_list_end = .
                0x00005280                        _shared_irq_driver_api_ext_end = .
                0x00005280                        _audio_codec_driver_api_list_start = .
 *(SORT_BY_NAME(SORT_BY_ALIGNMENT(._audio_codec_driver_api.static.*)))
                0x00005280                        _audio_codec_driver_api_list_end = .
                0x00005280                        _audio_codec_driver_api_ext_end = .
                0x00005280                        _dmic_driver_api_list_start = .
 *(SORT_BY_NAME(SORT_BY_ALIGNMENT(._dmic_driver_api.static.*)))
                0x00005280                        _dmic_driver_api_list_end = .
                0x00005280                        _dmic_driver_api_ext_end = .
                0x00005280                        _crypto_driver_api_list_start = .
 *(SORT_BY_NAME(SORT_BY_ALIGNMENT(._crypto_driver_api.static.*)))
                0x00005280                        _crypto_driver_api_list_end = .
                0x00005280                        _crypto_driver_api_ext_end = .
                0x00005280                        _adc_driver_api_list_start = .
 *(SORT_BY_NAME(SORT_BY_ALIGNMENT(._adc_driver_api.static.*)))
                0x00005280                        _adc_driver_api_list_end = .
                0x00005280                        _adc_driver_api_ext_end = .
                0x00005280                        _auxdisplay_driver_api_list_start = .
 *(SORT_BY_NAME(SORT_BY_ALIGNMENT(._auxdisplay_driver_api.static.*)))
                0x00005280                        _auxdisplay_driver_api_list_end = .
                0x00005280                        _auxdisplay_driver_api_ext_end = .
                0x00005280                        _bbram_driver_api_list_start = .
 *(SORT_BY_NAME(SORT_BY_ALIGNMENT(._bbram_driver_api.static.*)))
                0x00005280                        _bbram_driver_api_list_end = .
                0x00005280                        _bbram_driver_api_ext_end = .
                0x00005280                        _biometric_driver_api_list_start = .
 *(SORT_BY_NAME(SORT_BY_ALIGNMENT(._biometric_driver_api.static.*)))
                0x00005280                        _biometric_driver_api_list_end = .
                0x00005280                        _biometric_driver_api_ext_end = .
                0x00005280                        _bt_hci_driver_api_list_start = .
 *(SORT_BY_NAME(SORT_BY_ALIGNMENT(._bt_hci_driver_api.static.*)))
                0x00005280                        _bt_hci_driver_api_list_end = .
                0x00005280                        _bt_hci_driver_api_ext_end = .
                0x00005280                        _buzzer_driver_api_list_start = .
 *(SORT_BY_NAME(SORT_BY_ALIGNMENT(._buzzer_driver_api.static.*)))
                0x00005280                        _buzzer_driver_api_list_end = .
                0x00005280                        _buzzer_driver_api_ext_end = .
                0x00005280                        _can_driver_api_list_start = .
 *(SORT_BY_NAME(SORT_BY_ALIGNMENT(._can_driver_api.static.*)))
                0x00005280                        _can_driver_api_list_end = .
                0x00005280                        _can_driver_api_ext_end = .
                0x00005280                        _cellular_driver_api_list_start = .
 *(SORT_BY_NAME(SORT_BY_ALIGNMENT(._cellular_driver_api.static.*)))
                0x00005280                        _cellular_driver_api_list_end = .
                0x00005280                        _cellular_driver_api_ext_end = .
                0x00005280                        _charger_driver_api_list_start = .
 *(SORT_BY_NAME(SORT_BY_ALIGNMENT(._charger_driver_api.static.*)))
                0x00005280                        _charger_driver_api_list_end = .
                0x00005280                        _charger_driver_api_ext_end = .
                0x00005280                        _clock_control_driver_api_list_start = .
 *(SORT_BY_NAME(SORT_BY_ALIGNMENT(._clock_control_driver_api.static.*)))
 ._clock_control_driver_api.static.clock_control_api_
                0x00005280       0x1c zephyr/drivers/clock_control/libdrivers__clock_control.a(clock_control_nrf.c.obj)
                0x0000529c                        _clock_control_driver_api_list_end = .
                0x0000529c                        _nrf_clock_control_driver_api_list_start = .
 *(SORT_BY_NAME(SORT_BY_ALIGNMENT(._nrf_clock_control_driver_api.static.*)))
                0x0000529c                        _nrf_clock_control_driver_api_list_end = .
                0x0000529c                        _nrf_clock_control_driver_api_ext_end = .
                0x0000529c                        _clock_control_driver_api_ext_end = .
                0x0000529c                        _comparator_driver_api_list_start = .
 *(SORT_BY_NAME(SORT_BY_ALIGNMENT(._comparator_driver_api.static.*)))
                0x0000529c                        _comparator_driver_api_list_end = .
                0x0000529c                        _comparator_driver_api_ext_end = .
                0x0000529c                        _coredump_driver_api_list_start = .
 *(SORT_BY_NAME(SORT_BY_ALIGNMENT(._coredump_driver_api.static.*)))
                0x0000529c                        _coredump_driver_api_list_end = .
                0x0000529c                        _coredump_driver_api_ext_end = .
                0x0000529c                        _counter_driver_api_list_start = .
 *(SORT_BY_NAME(SORT_BY_ALIGNMENT(._counter_driver_api.static.*)))
                0x0000529c                        _counter_driver_api_list_end = .
                0x0000529c                        _counter_driver_api_ext_end = .
                0x0000529c                        _crc_driver_api_list_start = .
 *(SORT_BY_NAME(SORT_BY_ALIGNMENT(._crc_driver_api.static.*)))
                0x0000529c                        _crc_driver_api_list_end = .
                0x0000529c                        _crc_driver_api_ext_end = .
                0x0000529c                        _dac_driver_api_list_start = .
 *(SORT_BY_NAME(SORT_BY_ALIGNMENT(._dac_driver_api.static.*)))
                0x0000529c                        _dac_driver_api_list_end = .
                0x0000529c                        _dac_driver_api_ext_end = .
                0x0000529c                        _dai_driver_api_list_start = .
 *(SORT_BY_NAME(SORT_BY_ALIGNMENT(._dai_driver_api.static.*)))
                0x0000529c                        _dai_driver_api_list_end = .
                0x0000529c                        _dai_driver_api_ext_end = .
                0x0000529c                        _dali_driver_api_list_start = .
 *(SORT_BY_NAME(SORT_BY_ALIGNMENT(._dali_driver_api.static.*)))
                0x0000529c                        _dali_driver_api_list_end = .
                0x0000529c                        _dali_driver_api_ext_end = .
                0x0000529c                        _display_driver_api_list_start = .
 *(SORT_BY_NAME(SORT_BY_ALIGNMENT(._display_driver_api.static.*)))
                0x0000529c                        _display_driver_api_list_end = .
                0x0000529c                        _display_driver_api_ext_end = .
                0x0000529c                        _dma_driver_api_list_start = .
 *(SORT_BY_NAME(SORT_BY_ALIGNMENT(._dma_driver_api.static.*)))
                0x0000529c                        _dma_driver_api_list_end = .
                0x0000529c                        _dma_driver_api_ext_end = .
                0x0000529c                        _edac_driver_api_list_start = .
 *(SORT_BY_NAME(SORT_BY_ALIGNMENT(._edac_driver_api.static.*)))
                0x0000529c                        _edac_driver_api_list_end = .
                0x0000529c                        _edac_driver_api_ext_end = .
                0x0000529c                        _eeprom_driver_api_list_start = .
 *(SORT_BY_NAME(SORT_BY_ALIGNMENT(._eeprom_driver_api.static.*)))
                0x0000529c                        _eeprom_driver_api_list_end = .
                0x0000529c                        _eeprom_driver_api_ext_end = .
                0x0000529c                        _emul_bbram_driver_api_list_start = .
 *(SORT_BY_NAME(SORT_BY_ALIGNMENT(._emul_bbram_driver_api.static.*)))
                0x0000529c                        _emul_bbram_driver_api_list_end = .
                0x0000529c                        _emul_bbram_driver_api_ext_end = .
                0x0000529c                        _fuel_gauge_emul_driver_api_list_start = .
 *(SORT_BY_NAME(SORT_BY_ALIGNMENT(._fuel_gauge_emul_driver_api.static.*)))
                0x0000529c                        _fuel_gauge_emul_driver_api_list_end = .
                0x0000529c                        _fuel_gauge_emul_driver_api_ext_end = .
                0x0000529c                        _emul_sensor_driver_api_list_start = .
 *(SORT_BY_NAME(SORT_BY_ALIGNMENT(._emul_sensor_driver_api.static.*)))
                0x0000529c                        _emul_sensor_driver_api_list_end = .
                0x0000529c                        _emul_sensor_driver_api_ext_end = .
                0x0000529c                        _entropy_driver_api_list_start = .
 *(SORT_BY_NAME(SORT_BY_ALIGNMENT(._entropy_driver_api.static.*)))
                0x0000529c                        _entropy_driver_api_list_end = .
                0x0000529c                        _entropy_driver_api_ext_end = .
                0x0000529c                        _espi_driver_api_list_start = .
 *(SORT_BY_NAME(SORT_BY_ALIGNMENT(._espi_driver_api.static.*)))
                0x0000529c                        _espi_driver_api_list_end = .
                0x0000529c                        _emul_espi_driver_api_list_start = .
 *(SORT_BY_NAME(SORT_BY_ALIGNMENT(._emul_espi_driver_api.static.*)))
                0x0000529c                        _emul_espi_driver_api_list_end = .
                0x0000529c                        _emul_espi_driver_api_ext_end = .
                0x0000529c                        _espi_driver_api_ext_end = .
                0x0000529c                        _espi_saf_driver_api_list_start = .
 *(SORT_BY_NAME(SORT_BY_ALIGNMENT(._espi_saf_driver_api.static.*)))
                0x0000529c                        _espi_saf_driver_api_list_end = .
                0x0000529c                        _espi_saf_driver_api_ext_end = .
                0x0000529c                        _flash_driver_api_list_start = .
 *(SORT_BY_NAME(SORT_BY_ALIGNMENT(._flash_driver_api.static.*)))
                0x0000529c                        _flash_driver_api_list_end = .
                0x0000529c                        _flash_driver_api_ext_end = .
                0x0000529c                        _fpga_driver_api_list_start = .
 *(SORT_BY_NAME(SORT_BY_ALIGNMENT(._fpga_driver_api.static.*)))
                0x0000529c                        _fpga_driver_api_list_end = .
                0x0000529c                        _fpga_driver_api_ext_end = .
                0x0000529c                        _fuel_gauge_driver_api_list_start = .
 *(SORT_BY_NAME(SORT_BY_ALIGNMENT(._fuel_gauge_driver_api.static.*)))
                0x0000529c                        _fuel_gauge_driver_api_list_end = .
                0x0000529c                        _fuel_gauge_driver_api_ext_end = .
                0x0000529c                        _gnss_driver_api_list_start = .
 *(SORT_BY_NAME(SORT_BY_ALIGNMENT(._gnss_driver_api.static.*)))
                0x0000529c                        _gnss_driver_api_list_end = .
                0x0000529c                        _gnss_driver_api_ext_end = .
                0x0000529c                        _haptics_driver_api_list_start = .
 *(SORT_BY_NAME(SORT_BY_ALIGNMENT(._haptics_driver_api.static.*)))
                0x0000529c                        _haptics_driver_api_list_end = .
                0x0000529c                        _haptics_driver_api_ext_end = .
                0x0000529c                        _hwspinlock_driver_api_list_start = .
 *(SORT_BY_NAME(SORT_BY_ALIGNMENT(._hwspinlock_driver_api.static.*)))
                0x0000529c                        _hwspinlock_driver_api_list_end = .
                0x0000529c                        _hwspinlock_driver_api_ext_end = .
                0x0000529c                        _i2c_driver_api_list_start = .
 *(SORT_BY_NAME(SORT_BY_ALIGNMENT(._i2c_driver_api.static.*)))
                0x0000529c                        _i2c_driver_api_list_end = .
                0x0000529c                        _i3c_driver_api_list_start = .
 *(SORT_BY_NAME(SORT_BY_ALIGNMENT(._i3c_driver_api.static.*)))
                0x0000529c                        _i3c_driver_api_list_end = .
                0x0000529c                        _i3c_driver_api_ext_end = .
                0x0000529c                        _i2c_driver_api_ext_end = .
                0x0000529c                        _i2c_target_driver_api_list_start = .
 *(SORT_BY_NAME(SORT_BY_ALIGNMENT(._i2c_target_driver_api.static.*)))
                0x0000529c                        _i2c_target_driver_api_list_end = .
                0x0000529c                        _i2c_target_driver_api_ext_end = .
                0x0000529c                        _i2s_driver_api_list_start = .
 *(SORT_BY_NAME(SORT_BY_ALIGNMENT(._i2s_driver_api.static.*)))
                0x0000529c                        _i2s_driver_api_list_end = .
                0x0000529c                        _i2s_driver_api_ext_end = .
                0x0000529c                        _ipm_driver_api_list_start = .
 *(SORT_BY_NAME(SORT_BY_ALIGNMENT(._ipm_driver_api.static.*)))
                0x0000529c                        _ipm_driver_api_list_end = .
                0x0000529c                        _ipm_driver_api_ext_end = .
                0x0000529c                        _led_driver_api_list_start = .
 *(SORT_BY_NAME(SORT_BY_ALIGNMENT(._led_driver_api.static.*)))
                0x0000529c                        _led_driver_api_list_end = .
                0x0000529c                        _led_driver_api_ext_end = .
                0x0000529c                        _led_strip_driver_api_list_start = .
 *(SORT_BY_NAME(SORT_BY_ALIGNMENT(._led_strip_driver_api.static.*)))
                0x0000529c                        _led_strip_driver_api_list_end = .
                0x0000529c                        _led_strip_driver_api_ext_end = .
                0x0000529c                        _lora_driver_api_list_start = .
 *(SORT_BY_NAME(SORT_BY_ALIGNMENT(._lora_driver_api.static.*)))
                0x0000529c                        _lora_driver_api_list_end = .
                0x0000529c                        _lora_driver_api_ext_end = .
                0x0000529c                        _mbox_driver_api_list_start = .
 *(SORT_BY_NAME(SORT_BY_ALIGNMENT(._mbox_driver_api.static.*)))
                0x0000529c                        _mbox_driver_api_list_end = .
                0x0000529c                        _mbox_driver_api_ext_end = .
                0x0000529c                        _mdio_driver_api_list_start = .
 *(SORT_BY_NAME(SORT_BY_ALIGNMENT(._mdio_driver_api.static.*)))
                0x0000529c                        _mdio_driver_api_list_end = .
                0x0000529c                        _mdio_driver_api_ext_end = .
                0x0000529c                        _mipi_dbi_driver_api_list_start = .
 *(SORT_BY_NAME(SORT_BY_ALIGNMENT(._mipi_dbi_driver_api.static.*)))
                0x0000529c                        _mipi_dbi_driver_api_list_end = .
                0x0000529c                        _mipi_dbi_driver_api_ext_end = .
                0x0000529c                        _mipi_dsi_driver_api_list_start = .
 *(SORT_BY_NAME(SORT_BY_ALIGNMENT(._mipi_dsi_driver_api.static.*)))
                0x0000529c                        _mipi_dsi_driver_api_list_end = .
                0x0000529c                        _mipi_dsi_driver_api_ext_end = .
                0x0000529c                        _mspi_driver_api_list_start = .
 *(SORT_BY_NAME(SORT_BY_ALIGNMENT(._mspi_driver_api.static.*)))
                0x0000529c                        _mspi_driver_api_list_end = .
                0x0000529c                        _emul_mspi_driver_api_list_start = .
 *(SORT_BY_NAME(SORT_BY_ALIGNMENT(._emul_mspi_driver_api.static.*)))
                0x0000529c                        _emul_mspi_driver_api_list_end = .
                0x0000529c                        _emul_mspi_driver_api_ext_end = .
                0x0000529c                        _mspi_driver_api_ext_end = .
                0x0000529c                        _opamp_driver_api_list_start = .
 *(SORT_BY_NAME(SORT_BY_ALIGNMENT(._opamp_driver_api.static.*)))
                0x0000529c                        _opamp_driver_api_list_end = .
                0x0000529c                        _opamp_driver_api_ext_end = .
                0x0000529c                        _otp_driver_api_list_start = .
 *(SORT_BY_NAME(SORT_BY_ALIGNMENT(._otp_driver_api.static.*)))
                0x0000529c                        _otp_driver_api_list_end = .
                0x0000529c                        _otp_driver_api_ext_end = .
                0x0000529c                        _peci_driver_api_list_start = .
 *(SORT_BY_NAME(SORT_BY_ALIGNMENT(._peci_driver_api.static.*)))
                0x0000529c                        _peci_driver_api_list_end = .
                0x0000529c                        _peci_driver_api_ext_end = .
                0x0000529c                        _ps2_driver_api_list_start = .
 *(SORT_BY_NAME(SORT_BY_ALIGNMENT(._ps2_driver_api.static.*)))
                0x0000529c                        _ps2_driver_api_list_end = .
                0x0000529c                        _ps2_driver_api_ext_end = .
                0x0000529c                        _ptp_clock_driver_api_list_start = .
 *(SORT_BY_NAME(SORT_BY_ALIGNMENT(._ptp_clock_driver_api.static.*)))
                0x0000529c                        _ptp_clock_driver_api_list_end = .
                0x0000529c                        _ptp_clock_driver_api_ext_end = .
                0x0000529c                        _pwm_driver_api_list_start = .
 *(SORT_BY_NAME(SORT_BY_ALIGNMENT(._pwm_driver_api.static.*)))
                0x0000529c                        _pwm_driver_api_list_end = .
                0x0000529c                        _pwm_driver_api_ext_end = .
                0x0000529c                        _regulator_parent_driver_api_list_start = .
 *(SORT_BY_NAME(SORT_BY_ALIGNMENT(._regulator_parent_driver_api.static.*)))
                0x0000529c                        _regulator_parent_driver_api_list_end = .
                0x0000529c                        _regulator_parent_driver_api_ext_end = .
                0x0000529c                        _regulator_driver_api_list_start = .
 *(SORT_BY_NAME(SORT_BY_ALIGNMENT(._regulator_driver_api.static.*)))
                0x0000529c                        _regulator_driver_api_list_end = .
                0x0000529c                        _regulator_driver_api_ext_end = .
                0x0000529c                        _reset_driver_api_list_start = .
 *(SORT_BY_NAME(SORT_BY_ALIGNMENT(._reset_driver_api.static.*)))
                0x0000529c                        _reset_driver_api_list_end = .
                0x0000529c                        _reset_driver_api_ext_end = .
                0x0000529c                        _retained_mem_driver_api_list_start = .
 *(SORT_BY_NAME(SORT_BY_ALIGNMENT(._retained_mem_driver_api.static.*)))
                0x0000529c                        _retained_mem_driver_api_list_end = .
                0x0000529c                        _retained_mem_driver_api_ext_end = .
                0x0000529c                        _rtc_driver_api_list_start = .
 *(SORT_BY_NAME(SORT_BY_ALIGNMENT(._rtc_driver_api.static.*)))
                0x0000529c                        _rtc_driver_api_list_end = .
                0x0000529c                        _rtc_driver_api_ext_end = .
                0x0000529c                        _sdhc_driver_api_list_start = .
 *(SORT_BY_NAME(SORT_BY_ALIGNMENT(._sdhc_driver_api.static.*)))
                0x0000529c                        _sdhc_driver_api_list_end = .
                0x0000529c                        _sdhc_driver_api_ext_end = .
                0x0000529c                        _smbus_driver_api_list_start = .
 *(SORT_BY_NAME(SORT_BY_ALIGNMENT(._smbus_driver_api.static.*)))
                0x0000529c                        _smbus_driver_api_list_end = .
                0x0000529c                        _smbus_driver_api_ext_end = .
                0x0000529c                        _spi_driver_api_list_start = .
 *(SORT_BY_NAME(SORT_BY_ALIGNMENT(._spi_driver_api.static.*)))
                0x0000529c                        _spi_driver_api_list_end = .
                0x0000529c                        _spi_driver_api_ext_end = .
                0x0000529c                        _syscon_driver_api_list_start = .
 *(SORT_BY_NAME(SORT_BY_ALIGNMENT(._syscon_driver_api.static.*)))
                0x0000529c                        _syscon_driver_api_list_end = .
                0x0000529c                        _syscon_driver_api_ext_end = .
                0x0000529c                        _tee_driver_api_list_start = .
 *(SORT_BY_NAME(SORT_BY_ALIGNMENT(._tee_driver_api.static.*)))
                0x0000529c                        _tee_driver_api_list_end = .
                0x0000529c                        _tee_driver_api_ext_end = .
                0x0000529c                        _tgpio_driver_api_list_start = .
 *(SORT_BY_NAME(SORT_BY_ALIGNMENT(._tgpio_driver_api.static.*)))
                0x0000529c                        _tgpio_driver_api_list_end = .
                0x0000529c                        _tgpio_driver_api_ext_end = .
                0x0000529c                        _uaol_driver_api_list_start = .
 *(SORT_BY_NAME(SORT_BY_ALIGNMENT(._uaol_driver_api.static.*)))
                0x0000529c                        _uaol_driver_api_list_end = .
                0x0000529c                        _uaol_driver_api_ext_end = .
                0x0000529c                        _video_driver_api_list_start = .
 *(SORT_BY_NAME(SORT_BY_ALIGNMENT(._video_driver_api.static.*)))
                0x0000529c                        _video_driver_api_list_end = .
                0x0000529c                        _video_driver_api_ext_end = .
                0x0000529c                        _virtio_driver_api_list_start = .
 *(SORT_BY_NAME(SORT_BY_ALIGNMENT(._virtio_driver_api.static.*)))
                0x0000529c                        _virtio_driver_api_list_end = .
                0x0000529c                        _virtio_driver_api_ext_end = .
                0x0000529c                        _w1_driver_api_list_start = .
 *(SORT_BY_NAME(SORT_BY_ALIGNMENT(._w1_driver_api.static.*)))
                0x0000529c                        _w1_driver_api_list_end = .
                0x0000529c                        _w1_driver_api_ext_end = .
                0x0000529c                        _wdt_driver_api_list_start = .
 *(SORT_BY_NAME(SORT_BY_ALIGNMENT(._wdt_driver_api.static.*)))
                0x0000529c                        _wdt_driver_api_list_end = .
                0x0000529c                        _wdt_driver_api_ext_end = .
                0x0000529c                        _wuc_driver_api_list_start = .
 *(SORT_BY_NAME(SORT_BY_ALIGNMENT(._wuc_driver_api.static.*)))
                0x0000529c                        _wuc_driver_api_list_end = .
                0x0000529c                        _wuc_driver_api_ext_end = .
                0x0000529c                        _can_transceiver_driver_api_list_start = .
 *(SORT_BY_NAME(SORT_BY_ALIGNMENT(._can_transceiver_driver_api.static.*)))
                0x0000529c                        _can_transceiver_driver_api_list_end = .
                0x0000529c                        _can_transceiver_driver_api_ext_end = .
                0x0000529c                        _i3c_target_driver_api_list_start = .
 *(SORT_BY_NAME(SORT_BY_ALIGNMENT(._i3c_target_driver_api.static.*)))
                0x0000529c                        _i3c_target_driver_api_list_end = .
                0x0000529c                        _i3c_target_driver_api_ext_end = .
                0x0000529c                        _its_driver_api_list_start = .
 *(SORT_BY_NAME(SORT_BY_ALIGNMENT(._its_driver_api.static.*)))
                0x0000529c                        _its_driver_api_list_end = .
                0x0000529c                        _its_driver_api_ext_end = .
                0x0000529c                        _vtd_driver_api_list_start = .
 *(SORT_BY_NAME(SORT_BY_ALIGNMENT(._vtd_driver_api.static.*)))
                0x0000529c                        _vtd_driver_api_list_end = .
                0x0000529c                        _vtd_driver_api_ext_end = .
                0x0000529c                        _renesas_elc_driver_api_list_start = .
 *(SORT_BY_NAME(SORT_BY_ALIGNMENT(._renesas_elc_driver_api.static.*)))
                0x0000529c                        _renesas_elc_driver_api_list_end = .
                0x0000529c                        _renesas_elc_driver_api_ext_end = .
                0x0000529c                        _pcie_ctrl_driver_api_list_start = .
 *(SORT_BY_NAME(SORT_BY_ALIGNMENT(._pcie_ctrl_driver_api.static.*)))
                0x0000529c                        _pcie_ctrl_driver_api_list_end = .
                0x0000529c                        _pcie_ctrl_driver_api_ext_end = .
                0x0000529c                        _pcie_ep_driver_api_list_start = .
 *(SORT_BY_NAME(SORT_BY_ALIGNMENT(._pcie_ep_driver_api.static.*)))
                0x0000529c                        _pcie_ep_driver_api_list_end = .
                0x0000529c                        _pcie_ep_driver_api_ext_end = .
                0x0000529c                        _psi5_driver_api_list_start = .
 *(SORT_BY_NAME(SORT_BY_ALIGNMENT(._psi5_driver_api.static.*)))
                0x0000529c                        _psi5_driver_api_list_end = .
                0x0000529c                        _psi5_driver_api_ext_end = .
                0x0000529c                        _sent_driver_api_list_start = .
 *(SORT_BY_NAME(SORT_BY_ALIGNMENT(._sent_driver_api.static.*)))
                0x0000529c                        _sent_driver_api_list_end = .
                0x0000529c                        _sent_driver_api_ext_end = .
                0x0000529c                        _svc_driver_api_list_start = .
 *(SORT_BY_NAME(SORT_BY_ALIGNMENT(._svc_driver_api.static.*)))
                0x0000529c                        _svc_driver_api_list_end = .
                0x0000529c                        _svc_driver_api_ext_end = .
                0x0000529c                        _stepper_driver_api_list_start = .
 *(SORT_BY_NAME(SORT_BY_ALIGNMENT(._stepper_driver_api.static.*)))
                0x0000529c                        _stepper_driver_api_list_end = .
                0x0000529c                        _stepper_driver_api_ext_end = .
                0x0000529c                        _stepper_ctrl_driver_api_list_start = .
 *(SORT_BY_NAME(SORT_BY_ALIGNMENT(._stepper_ctrl_driver_api.static.*)))
                0x0000529c                        _stepper_ctrl_driver_api_list_end = .
                0x0000529c                        _stepper_ctrl_driver_api_ext_end = .
                0x0000529c                        _uart_driver_api_list_start = .
 *(SORT_BY_NAME(SORT_BY_ALIGNMENT(._uart_driver_api.static.*)))
 ._uart_driver_api.static.uart_nrfx_uarte_driver_api_
                0x0000529c        0xc zephyr/drivers/serial/libdrivers__serial.a(uart_nrfx_uarte.c.obj)
                0x000052a8                        _uart_driver_api_list_end = .
                0x000052a8                        _uart_driver_api_ext_end = .
                0x000052a8                        _bc12_emul_driver_api_list_start = .
 *(SORT_BY_NAME(SORT_BY_ALIGNMENT(._bc12_emul_driver_api.static.*)))
                0x000052a8                        _bc12_emul_driver_api_list_end = .
                0x000052a8                        _bc12_emul_driver_api_ext_end = .
                0x000052a8                        _bc12_driver_api_list_start = .
 *(SORT_BY_NAME(SORT_BY_ALIGNMENT(._bc12_driver_api.static.*)))
                0x000052a8                        _bc12_driver_api_list_end = .
                0x000052a8                        _bc12_driver_api_ext_end = .
                0x000052a8                        _usbc_ppc_driver_api_list_start = .
 *(SORT_BY_NAME(SORT_BY_ALIGNMENT(._usbc_ppc_driver_api.static.*)))
                0x000052a8                        _usbc_ppc_driver_api_list_end = .
                0x000052a8                        _usbc_ppc_driver_api_ext_end = .
                0x000052a8                        _tcpc_driver_api_list_start = .
 *(SORT_BY_NAME(SORT_BY_ALIGNMENT(._tcpc_driver_api.static.*)))
                0x000052a8                        _tcpc_driver_api_list_end = .
                0x000052a8                        _tcpc_driver_api_ext_end = .
                0x000052a8                        _usbc_vbus_driver_api_list_start = .
 *(SORT_BY_NAME(SORT_BY_ALIGNMENT(._usbc_vbus_driver_api.static.*)))
                0x000052a8                        _usbc_vbus_driver_api_list_end = .
                0x000052a8                        _usbc_vbus_driver_api_ext_end = .
                0x000052a8                        _ivshmem_driver_api_list_start = .
 *(SORT_BY_NAME(SORT_BY_ALIGNMENT(._ivshmem_driver_api.static.*)))
                0x000052a8                        _ivshmem_driver_api_list_end = .
                0x000052a8                        _ivshmem_driver_api_ext_end = .
                0x000052a8                        _ethphy_driver_api_list_start = .
 *(SORT_BY_NAME(SORT_BY_ALIGNMENT(._ethphy_driver_api.static.*)))
                0x000052a8                        _ethphy_driver_api_list_end = .
                0x000052a8                        _ethphy_driver_api_ext_end = .

ztest           0x000052a8        0x0
                0x000052a8                        _ztest_expected_result_entry_list_start = .
 *(SORT_BY_NAME(SORT_BY_ALIGNMENT(._ztest_expected_result_entry.static.*)))
                0x000052a8                        _ztest_expected_result_entry_list_end = .
                0x000052a8                        _ztest_suite_node_list_start = .
 *(SORT_BY_NAME(SORT_BY_ALIGNMENT(._ztest_suite_node.static.*)))
                0x000052a8                        _ztest_suite_node_list_end = .
                0x000052a8                        _ztest_unit_test_list_start = .
 *(SORT_BY_NAME(SORT_BY_ALIGNMENT(._ztest_unit_test.static.*)))
                0x000052a8                        _ztest_unit_test_list_end = .
                0x000052a8                        _ztest_param_inst_list_start = .
 *(SORT_BY_NAME(SORT_BY_ALIGNMENT(._ztest_param_inst.static.*)))
                0x000052a8                        _ztest_param_inst_list_end = .
                0x000052a8                        _ztest_test_rule_list_start = .
 *(SORT_BY_NAME(SORT_BY_ALIGNMENT(._ztest_test_rule.static.*)))
                0x000052a8                        _ztest_test_rule_list_end = .

init_array      0x000052a8        0x0
                0x000052a8                        __zephyr_init_array_start = .
 *(SORT_BY_INIT_PRIORITY(.init_array.*) SORT_BY_INIT_PRIORITY(.ctors.*))
 *(SORT_BY_ALIGNMENT(.init_array) SORT_BY_ALIGNMENT(.ctors))
                0x000052a8                        __zephyr_init_array_end = .
                0x00000001                        ASSERT ((__zephyr_init_array_start == __zephyr_init_array_end), GNU-style constructors required but STATIC_INIT_GNU not enabled)

bt_l2cap_fixed_chan_area
                0x000052a8        0x0
                0x000052a8                        _bt_l2cap_fixed_chan_list_start = .
 *(SORT_BY_NAME(SORT_BY_ALIGNMENT(._bt_l2cap_fixed_chan.static.*)))
                0x000052a8                        _bt_l2cap_fixed_chan_list_end = .

bt_gatt_service_static_area
                0x000052a8        0x0
                0x000052a8                        _bt_gatt_service_static_list_start = .
 *(SORT_BY_NAME(SORT_BY_ALIGNMENT(._bt_gatt_service_static.static.*)))
                0x000052a8                        _bt_gatt_service_static_list_end = .

log_strings_area
                0x000052a8        0x0
                0x000052a8                        _log_strings_list_start = .
 *(SORT_BY_NAME(SORT_BY_ALIGNMENT(._log_strings.static.*)))
                0x000052a8                        _log_strings_list_end = .

log_stmesp_ptr_area
                0x000052a8        0x0
                0x000052a8                        _log_stmesp_ptr_list_start = .
 *(SORT_BY_NAME(SORT_BY_ALIGNMENT(._log_stmesp_ptr.static.*)))
                0x000052a8                        _log_stmesp_ptr_list_end = .

log_stmesp_str_area
                0x000052a8        0x0
                0x000052a8                        _log_stmesp_str_list_start = .
 *(SORT_BY_NAME(SORT_BY_ALIGNMENT(._log_stmesp_str.static.*)))
                0x000052a8                        _log_stmesp_str_list_end = .

log_const_area  0x000052a8        0x0
                0x000052a8                        _log_const_list_start = .
 *(SORT_BY_NAME(SORT_BY_ALIGNMENT(._log_const.static.*)))
                0x000052a8                        _log_const_list_end = .

log_backend_area
                0x000052a8        0x0
                0x000052a8                        _log_backend_list_start = .
 *(SORT_BY_NAME(SORT_BY_ALIGNMENT(._log_backend.static.*)))
                0x000052a8                        _log_backend_list_end = .

log_link_area   0x000052a8        0x0
                0x000052a8                        _log_link_list_start = .
 *(SORT_BY_NAME(SORT_BY_ALIGNMENT(._log_link.static.*)))
                0x000052a8                        _log_link_list_end = .

tracing_backend_area
                0x000052a8        0x0
                0x000052a8                        _tracing_backend_list_start = .
 *(SORT_BY_NAME(SORT_BY_ALIGNMENT(._tracing_backend.static.*)))
                0x000052a8                        _tracing_backend_list_end = .

zephyr_dbg_info
 *(SORT_BY_ALIGNMENT(.dbg_thread_info))

intc_table_area
                0x000052a8        0x0
                0x000052a8                        _intc_table_list_start = .
 *(SORT_BY_NAME(SORT_BY_ALIGNMENT(._intc_table.static.*)))
                0x000052a8                        _intc_table_list_end = .

symbol_to_keep  0x000052a8        0x0
                0x000052a8                        __symbol_to_keep_start = .
 *(SORT_BY_NAME(SORT_BY_ALIGNMENT(.symbol_to_keep*)))
                0x000052a8                        __symbol_to_keep_end = .

shell_area      0x000052a8        0x0
                0x000052a8                        _shell_list_start = .
 *(SORT_BY_NAME(SORT_BY_ALIGNMENT(._shell.static.*)))
                0x000052a8                        _shell_list_end = .

shell_root_cmds_area
                0x000052a8        0x0
                0x000052a8                        _shell_root_cmds_list_start = .
 *(SORT_BY_NAME(SORT_BY_ALIGNMENT(._shell_root_cmds.static.*)))
                0x000052a8                        _shell_root_cmds_list_end = .

shell_subcmds_area
                0x000052a8        0x0
                0x000052a8                        _shell_subcmds_list_start = .
 *(SORT_BY_NAME(SORT_BY_ALIGNMENT(._shell_subcmds.static.*)))
                0x000052a8                        _shell_subcmds_list_end = .

shell_dynamic_subcmds_area
                0x000052a8        0x0
                0x000052a8                        _shell_dynamic_subcmds_list_start = .
 *(SORT_BY_NAME(SORT_BY_ALIGNMENT(._shell_dynamic_subcmds.static.*)))
                0x000052a8                        _shell_dynamic_subcmds_list_end = .

shell_remote_area
                0x000052a8        0x0
                0x000052a8                        _shell_remote_list_start = .
 *(SORT_BY_NAME(SORT_BY_ALIGNMENT(._shell_remote.static.*)))
                0x000052a8                        _shell_remote_list_end = .

cfb_font_area   0x000052a8        0x0
                0x000052a8                        _cfb_font_list_start = .
 *(SORT_BY_NAME(SORT_BY_ALIGNMENT(._cfb_font.static.*)))